2022-03-03 10:40:05.990 156-156/? I/hwservicemanager: Since android.hardware.radio@1.1::IRadio/slot1 is not registered, trying to start it as a lazy HAL.
2022-03-03 10:40:05.990 827-827/? I/HidlServiceManagement: getService: Trying again for android.hardware.radio@1.1::IRadio/slot1...
2022-03-03 10:40:06.102 5102-5102/com.example.facedemo D/libSeetafaceSo: DetectFaces, 检测耗时:213毫秒
2022-03-03 10:40:06.102 5102-5102/com.example.facedemo D/libSeetafaceSo: DetectFaces, 人脸数:1
2022-03-03 10:40:06.192 5102-5102/com.example.facedemo I/libSeetafaceSo: 旋转角=1.591187
2022-03-03 10:40:06.192 5102-5102/com.example.facedemo I/libSeetafaceSo: 偏航角=12.956766
2022-03-03 10:40:06.192 5102-5102/com.example.facedemo I/libSeetafaceSo: 俯仰角=-16.842817
2022-03-03 10:40:06.719 450-519/? I/InputDispatcher: Dropping event because there is no touchable window or gesture monitor at (382, 273) in display 0.
2022-03-03 10:40:06.730 450-519/? I/InputDispatcher: Dropping event because there is no touched foreground window in display 0 or gesture monitor to receive it.
2022-03-03 10:40:06.835 450-519/? I/chatty: uid=1000(system) InputDispatcher identical 10 lines
2022-03-03 10:40:06.845 450-519/? I/InputDispatcher: Dropping event because there is no touched foreground window in display 0 or gesture monitor to receive it.
2022-03-03 10:40:06.960 253-327/? D/AudioHardwareTiny: do_out_standby,out = 0xe88c04c0,device = 0x2
2022-03-03 10:40:06.965 253-327/? D/alsa_route: route_set_controls() set route 24
2022-03-03 10:40:06.974 253-327/? D/AudioHardwareTiny: close device
2022-03-03 10:40:06.975 450-773/? I/system_server: oneway function results will be dropped but finished with status OK and parcel size 4
2022-03-03 10:40:06.991 827-827/? W/HidlServiceManagement: Waited one second for android.hardware.radio@1.1::IRadio/slot1
2022-03-03 10:40:06.991 156-156/? I/hwservicemanager: Since android.hardware.radio@1.1::IRadio/slot1 is not registered, trying to start it as a lazy HAL.
2022-03-03 10:40:06.992 827-827/? I/HidlServiceManagement: getService: Trying again for android.hardware.radio@1.1::IRadio/slot1...
2022-03-03 10:40:07.109 5102-5102/com.example.facedemo I/libSeetafaceSo: 提取特征耗时:917毫秒
2022-03-03 10:40:07.110 5102-5102/com.example.facedemo D/libSeetafaceSo: DetectFaces, 总耗时:1221毫秒
2022-03-03 10:40:07.110 5102-5102/com.example.facedemo I/detectAndCompareFace: face_num=1
2022-03-03 10:40:07.110 5102-5102/com.example.facedemo I/detectAndCompareFace: roll,pitch,yaw=1.5911872, -16.842817,12.956766
2022-03-03 10:40:07.110 5102-5102/com.example.facedemo I/detectAndCompareFace: seetaFaces0, pos:121, 325, 130, 334, 
2022-03-03 10:40:07.112 5102-5102/com.example.facedemo I/loadimg: drawRect,i=0, 121,325,130,334
2022-03-03 10:40:07.113 5102-5102/com.example.facedemo D/libSeetafaceSo: CalcSimilarity tFeat1 ok
2022-03-03 10:40:07.113 5102-5102/com.example.facedemo D/libSeetafaceSo: CalcSimilarity tFeat2 ok
2022-03-03 10:40:07.113 5102-5102/com.example.facedemo D/libSeetafaceSo: CalcSimilarity, tSim=0.8600, time=0
2022-03-03 10:40:07.122 5102-5102/com.example.facedemo I/Choreographer: Skipped 119 frames!  The application may be doing too much work on its main thread.
2022-03-03 10:40:07.143 223-227/? D/gralloc4: [File] : hardware/rockchip/libgralloc/bifrost/src/hidl_common/Allocator.cpp; [Line] : 147; [Func] : allocate;
    got new private_handle_t instance @0xb400007e26f89a90 for buffer 'com.example.facedemo/com.example.facedemo.MainActivity#0'. share_fd : 8, share_attr_fd : 9, flags : 0x4, width : 800, height : 1280, req_format : 0x1, producer_usage : 0x40000000000b00, consumer_usage : 0x40000000000b00, internal_format : 0x0, stride : 0, byte_stride : 0, internalWidth : 0, internalHeight : 0, alloc_format : 0x100000001, size : 4160512, layer_count : 1, backing_store_size : 4160512, allocating_pid : 223, ref_count : 1, yuv_info : 0
2022-03-03 10:40:07.143 223-227/? D/gralloc4: plane_info[0]: offset : 0, byte_stride : 3200, alloc_width : 800, alloc_height : 1280
2022-03-03 10:40:07.143 223-227/? D/gralloc4: plane_info[1]: offset : 0, byte_stride : 0, alloc_width : 0, alloc_height : 0
2022-03-03 10:40:07.146 223-227/? D/gralloc4: [File] : hardware/rockchip/libgralloc/bifrost/src/hidl_common/Allocator.cpp; [Line] : 147; [Func] : allocate;
    got new private_handle_t instance @0xb400007e26f86010 for buffer 'com.example.facedemo/com.example.facedemo.MainActivity#0'. share_fd : 8, share_attr_fd : 9, flags : 0x4, width : 800, height : 1280, req_format : 0x1, producer_usage : 0x40000000000b00, consumer_usage : 0x40000000000b00, internal_format : 0x0, stride : 0, byte_stride : 0, internalWidth : 0, internalHeight : 0, alloc_format : 0x100000001, size : 4160512, layer_count : 1, backing_store_size : 4160512, allocating_pid : 223, ref_count : 1, yuv_info : 0
2022-03-03 10:40:07.146 223-227/? D/gralloc4: plane_info[0]: offset : 0, byte_stride : 3200, alloc_width : 800, alloc_height : 1280
2022-03-03 10:40:07.146 223-227/? D/gralloc4: plane_info[1]: offset : 0, byte_stride : 0, alloc_width : 0, alloc_height : 0
2022-03-03 10:40:07.148 223-227/? D/gralloc4: [File] : hardware/rockchip/libgralloc/bifrost/src/hidl_common/Allocator.cpp; [Line] : 147; [Func] : allocate;
    got new private_handle_t instance @0xb400007e26f89a90 for buffer 'com.example.facedemo/com.example.facedemo.MainActivity#0'. share_fd : 8, share_attr_fd : 9, flags : 0x4, width : 800, height : 1280, req_format : 0x1, producer_usage : 0x40000000000b00, consumer_usage : 0x40000000000b00, internal_format : 0x0, stride : 0, byte_stride : 0, internalWidth : 0, internalHeight : 0, alloc_format : 0x100000001, size : 4160512, layer_count : 1, backing_store_size : 4160512, allocating_pid : 223, ref_count : 1, yuv_info : 0
2022-03-03 10:40:07.148 223-227/? D/gralloc4: plane_info[0]: offset : 0, byte_stride : 3200, alloc_width : 800, alloc_height : 1280
2022-03-03 10:40:07.148 223-227/? D/gralloc4: plane_info[1]: offset : 0, byte_stride : 0, alloc_width : 0, alloc_height : 0
2022-03-03 10:40:07.162 5102-5136/com.example.facedemo I/OpenGLRenderer: Davey! duration=2025ms; Flags=1, IntendedVsync=3325207007093, Vsync=3327190340347, OldestInputEvent=9223372036854775807, NewestInputEvent=0, HandleInputStart=3327193450790, AnimationStart=3327193453707, PerformTraversalsStart=3327193455749, DrawStart=3327214255376, SyncQueued=3327221685002, SyncStart=3327222072043, IssueDrawCommandsStart=3327225678210, SwapBuffers=3327232148544, FrameCompleted=3327233272919, DequeueBufferDuration=260458, QueueBufferDuration=529667, GpuCompleted=2378488203509, 
2022-03-03 10:40:07.189 396-409/? E/RIL RILU: cannot find ttyname for AT Port
2022-03-03 10:40:07.190 396-409/? D/RIL RILC: USB can't find at device
2022-03-03 10:40:07.407 450-1134/? E/TaskPersister: File error accessing recents directory (directory doesn't exist?).
2022-03-03 10:40:07.412 181-446/? E/BufferQueueProducer: [com.android.documentsui/com.android.documentsui.picker.PickActivity#0](id:b50000001f,api:0,p:-1,c:181) disconnect: not connected (req=1)
2022-03-03 10:40:07.412 5191-5231/com.android.documentsui W/libEGL: EGLNativeWindowType 0xb4000077a78bc480 disconnect failed
2022-03-03 10:40:07.992 827-827/? W/HidlServiceManagement: Waited one second for android.hardware.radio@1.1::IRadio/slot1
2022-03-03 10:40:07.993 156-156/? I/hwservicemanager: Since android.hardware.radio@1.1::IRadio/slot1 is not registered, trying to start it as a lazy HAL.
2022-03-03 10:40:07.994 827-827/? I/HidlServiceManagement: getService: Trying again for android.hardware.radio@1.1::IRadio/slot1...
2022-03-03 10:40:08.995 827-827/? W/HidlServiceManagement: Waited one second for android.hardware.radio@1.1::IRadio/slot1
2022-03-03 10:40:08.996 156-156/? I/hwservicemanager: Since android.hardware.radio@1.1::IRadio/slot1 is not registered, trying to start it as a lazy HAL.
2022-03-03 10:40:08.996 827-827/? I/HidlServiceManagement: getService: Trying again for android.hardware.radio@1.1::IRadio/slot1...
2022-03-03 10:40:09.080 1210-1707/com.ludashi.benchmark I/Zeus/receiver: ZeusTransformUtils-registerReceiver-execute
2022-03-03 10:40:09.081 1210-1707/com.ludashi.benchmark I/Zeus/receiver: ZeusTransformUtils-registerReceiver-execute
2022-03-03 10:40:09.997 827-827/? W/HidlServiceManagement: Waited one second for android.hardware.radio@1.1::IRadio/slot1
2022-03-03 10:40:09.998 156-156/? I/hwservicemanager: Since android.hardware.radio@1.1::IRadio/slot1 is not registered, trying to start it as a lazy HAL.
2022-03-03 10:40:10.000 827-827/? I/HidlServiceManagement: getService: Trying again for android.hardware.radio@1.1::IRadio/slot1...
2022-03-03 10:40:10.192 396-409/? E/RIL RILU: cannot find ttyname for AT Port
2022-03-03 10:40:10.192 396-409/? D/RIL RILC: USB can't find at device
2022-03-03 10:40:11.000 827-827/? W/HidlServiceManagement: Waited one second for android.hardware.radio@1.1::IRadio/slot1
2022-03-03 10:40:11.001 156-156/? I/hwservicemanager: Since android.hardware.radio@1.1::IRadio/slot1 is not registered, trying to start it as a lazy HAL.
2022-03-03 10:40:11.002 827-827/? I/HidlServiceManagement: getService: Trying again for android.hardware.radio@1.1::IRadio/slot1...
2022-03-03 10:40:12.003 827-827/? W/HidlServiceManagement: Waited one second for android.hardware.radio@1.1::IRadio/slot1
2022-03-03 10:40:12.004 156-156/? I/hwservicemanager: Since android.hardware.radio@1.1::IRadio/slot1 is not registered, trying to start it as a lazy HAL.
2022-03-03 10:40:12.005 827-827/? I/HidlServiceManagement: getService: Trying again for android.hardware.radio@1.1::IRadio/slot1...
2022-03-03 10:40:13.006 827-827/? W/HidlServiceManagement: Waited one second for android.hardware.radio@1.1::IRadio/slot1
2022-03-03 10:40:13.007 156-156/? I/hwservicemanager: Since android.hardware.radio@1.1::IRadio/slot1 is not registered, trying to start it as a lazy HAL.
2022-03-03 10:40:13.008 827-827/? I/HidlServiceManagement: getService: Trying again for android.hardware.radio@1.1::IRadio/slot1...
2022-03-03 10:40:13.197 396-409/? E/RIL RILU: cannot find ttyname for AT Port
2022-03-03 10:40:13.197 396-409/? D/RIL RILC: USB can't find at device
2022-03-03 10:40:14.008 827-827/? W/HidlServiceManagement: Waited one second for android.hardware.radio@1.1::IRadio/slot1
2022-03-03 10:40:14.009 156-156/? I/hwservicemanager: Since android.hardware.radio@1.1::IRadio/slot1 is not registered, trying to start it as a lazy HAL.
2022-03-03 10:40:14.011 827-827/? I/HidlServiceManagement: getService: Trying again for android.hardware.radio@1.1::IRadio/slot1...
2022-03-03 10:40:15.011 827-827/? W/HidlServiceManagement: Waited one second for android.hardware.radio@1.1::IRadio/slot1
2022-03-03 10:40:15.012 156-156/? I/hwservicemanager: Since android.hardware.radio@1.1::IRadio/slot1 is not registered, trying to start it as a lazy HAL.
2022-03-03 10:40:15.013 827-827/? I/HidlServiceManagement: getService: Trying again for android.hardware.radio@1.1::IRadio/slot1...
2022-03-03 10:40:16.014 827-827/? W/HidlServiceManagement: Waited one second for android.hardware.radio@1.1::IRadio/slot1
2022-03-03 10:40:16.015 156-156/? I/hwservicemanager: Since android.hardware.radio@1.1::IRadio/slot1 is not registered, trying to start it as a lazy HAL.
2022-03-03 10:40:16.016 827-827/? I/HidlServiceManagement: getService: Trying again for android.hardware.radio@1.1::IRadio/slot1...
2022-03-03 10:40:16.202 396-409/? E/RIL RILU: cannot find ttyname for AT Port
2022-03-03 10:40:16.202 396-409/? D/RIL RILC: USB can't find at device
2022-03-03 10:40:17.016 827-827/? W/HidlServiceManagement: Waited one second for android.hardware.radio@1.1::IRadio/slot1
2022-03-03 10:40:17.017 156-156/? I/hwservicemanager: Since android.hardware.radio@1.1::IRadio/slot1 is not registered, trying to start it as a lazy HAL.
2022-03-03 10:40:17.018 827-827/? I/HidlServiceManagement: getService: Trying again for android.hardware.radio@1.1::IRadio/slot1...
2022-03-03 10:40:18.019 827-827/? W/HidlServiceManagement: Waited one second for android.hardware.radio@1.1::IRadio/slot1
2022-03-03 10:40:18.020 156-156/? I/hwservicemanager: Since android.hardware.radio@1.1::IRadio/slot1 is not registered, trying to start it as a lazy HAL.
2022-03-03 10:40:18.021 827-827/? I/HidlServiceManagement: getService: Trying again for android.hardware.radio@1.1::IRadio/slot1...
2022-03-03 10:40:19.021 827-827/? W/HidlServiceManagement: Waited one second for android.hardware.radio@1.1::IRadio/slot1
2022-03-03 10:40:19.022 156-156/? I/hwservicemanager: Since android.hardware.radio@1.1::IRadio/slot1 is not registered, trying to start it as a lazy HAL.
2022-03-03 10:40:19.025 827-827/? I/HidlServiceManagement: getService: Trying again for android.hardware.radio@1.1::IRadio/slot1...
2022-03-03 10:40:19.207 396-409/? E/RIL RILU: cannot find ttyname for AT Port
2022-03-03 10:40:19.207 396-409/? D/RIL RILC: USB can't find at device
2022-03-03 10:40:20.025 827-827/? W/HidlServiceManagement: Waited one second for android.hardware.radio@1.1::IRadio/slot1
2022-03-03 10:40:20.026 156-156/? I/hwservicemanager: Since android.hardware.radio@1.1::IRadio/slot1 is not registered, trying to start it as a lazy HAL.
2022-03-03 10:40:20.027 827-827/? I/HidlServiceManagement: getService: Trying again for android.hardware.radio@1.1::IRadio/slot1...
2022-03-03 10:40:21.029 827-827/? W/HidlServiceManagement: Waited one second for android.hardware.radio@1.1::IRadio/slot1
2022-03-03 10:40:21.030 156-156/? I/hwservicemanager: Since android.hardware.radio@1.1::IRadio/slot1 is not registered, trying to start it as a lazy HAL.
2022-03-03 10:40:21.031 827-827/? I/HidlServiceManagement: getService: Trying again for android.hardware.radio@1.1::IRadio/slot1...
2022-03-03 10:40:22.033 827-827/? W/HidlServiceManagement: Waited one second for android.hardware.radio@1.1::IRadio/slot1
2022-03-03 10:40:22.034 156-156/? I/hwservicemanager: Since android.hardware.radio@1.1::IRadio/slot1 is not registered, trying to start it as a lazy HAL.
2022-03-03 10:40:22.035 827-827/? I/HidlServiceManagement: getService: Trying again for android.hardware.radio@1.1::IRadio/slot1...
2022-03-03 10:40:22.212 396-409/? E/RIL RILU: cannot find ttyname for AT Port
2022-03-03 10:40:22.212 396-409/? D/RIL RILC: USB can't find at device
2022-03-03 10:40:23.037 827-827/? W/HidlServiceManagement: Waited one second for android.hardware.radio@1.1::IRadio/slot1
2022-03-03 10:40:23.038 156-156/? I/hwservicemanager: Since android.hardware.radio@1.1::IRadio/slot1 is not registered, trying to start it as a lazy HAL.
2022-03-03 10:40:23.039 827-827/? I/HidlServiceManagement: getService: Trying again for android.hardware.radio@1.1::IRadio/slot1...
2022-03-03 10:40:24.040 827-827/? W/HidlServiceManagement: Waited one second for android.hardware.radio@1.1::IRadio/slot1
2022-03-03 10:40:24.040 156-156/? I/hwservicemanager: Since android.hardware.radio@1.1::IRadio/slot1 is not registered, trying to start it as a lazy HAL.
2022-03-03 10:40:24.042 827-827/? I/HidlServiceManagement: getService: Trying again for android.hardware.radio@1.1::IRadio/slot1...
2022-03-03 10:40:25.044 827-827/? W/HidlServiceManagement: Waited one second for android.hardware.radio@1.1::IRadio/slot1
2022-03-03 10:40:25.045 156-156/? I/hwservicemanager: Since android.hardware.radio@1.1::IRadio/slot1 is not registered, trying to start it as a lazy HAL.
2022-03-03 10:40:25.046 827-827/? I/HidlServiceManagement: getService: Trying again for android.hardware.radio@1.1::IRadio/slot1...
2022-03-03 10:40:25.217 396-409/? E/RIL RILU: cannot find ttyname for AT Port
2022-03-03 10:40:25.217 396-409/? D/RIL RILC: USB can't find at device
2022-03-03 10:40:26.046 827-827/? W/HidlServiceManagement: Waited one second for android.hardware.radio@1.1::IRadio/slot1
2022-03-03 10:40:26.047 156-156/? I/hwservicemanager: Since android.hardware.radio@1.1::IRadio/slot1 is not registered, trying to start it as a lazy HAL.
2022-03-03 10:40:26.048 827-827/? I/HidlServiceManagement: getService: Trying again for android.hardware.radio@1.1::IRadio/slot1...
2022-03-03 10:40:27.049 827-827/? W/HidlServiceManagement: Waited one second for android.hardware.radio@1.1::IRadio/slot1
2022-03-03 10:40:27.049 156-156/? I/hwservicemanager: Since android.hardware.radio@1.1::IRadio/slot1 is not registered, trying to start it as a lazy HAL.
2022-03-03 10:40:27.052 827-827/? I/HidlServiceManagement: getService: Trying again for android.hardware.radio@1.1::IRadio/slot1...
2022-03-03 10:40:28.053 827-827/? W/HidlServiceManagement: Waited one second for android.hardware.radio@1.1::IRadio/slot1
2022-03-03 10:40:28.053 156-156/? I/hwservicemanager: Since android.hardware.radio@1.1::IRadio/slot1 is not registered, trying to start it as a lazy HAL.
2022-03-03 10:40:28.054 827-827/? I/HidlServiceManagement: getService: Trying again for android.hardware.radio@1.1::IRadio/slot1...
2022-03-03 10:40:28.222 396-409/? E/RIL RILU: cannot find ttyname for AT Port
2022-03-03 10:40:28.222 396-409/? D/RIL RILC: USB can't find at device
2022-03-03 10:40:29.055 827-827/? W/HidlServiceManagement: Waited one second for android.hardware.radio@1.1::IRadio/slot1
2022-03-03 10:40:29.056 156-156/? I/hwservicemanager: Since android.hardware.radio@1.1::IRadio/slot1 is not registered, trying to start it as a lazy HAL.
2022-03-03 10:40:29.057 827-827/? I/HidlServiceManagement: getService: Trying again for android.hardware.radio@1.1::IRadio/slot1...
2022-03-03 10:40:30.057 827-827/? W/HidlServiceManagement: Waited one second for android.hardware.radio@1.1::IRadio/slot1
2022-03-03 10:40:30.058 156-156/? I/hwservicemanager: Since android.hardware.radio@1.1::IRadio/slot1 is not registered, trying to start it as a lazy HAL.
2022-03-03 10:40:30.061 827-827/? I/HidlServiceManagement: getService: Trying again for android.hardware.radio@1.1::IRadio/slot1...
2022-03-03 10:40:31.061 827-827/? W/HidlServiceManagement: Waited one second for android.hardware.radio@1.1::IRadio/slot1
2022-03-03 10:40:31.062 156-156/? I/hwservicemanager: Since android.hardware.radio@1.1::IRadio/slot1 is not registered, trying to start it as a lazy HAL.
2022-03-03 10:40:31.065 827-827/? I/HidlServiceManagement: getService: Trying again for android.hardware.radio@1.1::IRadio/slot1...
2022-03-03 10:40:31.227 396-409/? E/RIL RILU: cannot find ttyname for AT Port
2022-03-03 10:40:31.227 396-409/? D/RIL RILC: USB can't find at device
2022-03-03 10:40:32.065 827-827/? W/HidlServiceManagement: Waited one second for android.hardware.radio@1.1::IRadio/slot1
2022-03-03 10:40:32.066 156-156/? I/hwservicemanager: Since android.hardware.radio@1.1::IRadio/slot1 is not registered, trying to start it as a lazy HAL.
2022-03-03 10:40:32.069 827-827/? I/HidlServiceManagement: getService: Trying again for android.hardware.radio@1.1::IRadio/slot1...
2022-03-03 10:40:33.069 827-827/? W/HidlServiceManagement: Waited one second for android.hardware.radio@1.1::IRadio/slot1
2022-03-03 10:40:33.070 156-156/? I/hwservicemanager: Since android.hardware.radio@1.1::IRadio/slot1 is not registered, trying to start it as a lazy HAL.
2022-03-03 10:40:33.071 827-827/? I/HidlServiceManagement: getService: Trying again for android.hardware.radio@1.1::IRadio/slot1...
2022-03-03 10:40:34.073 827-827/? W/HidlServiceManagement: Waited one second for android.hardware.radio@1.1::IRadio/slot1
2022-03-03 10:40:34.074 156-156/? I/hwservicemanager: Since android.hardware.radio@1.1::IRadio/slot1 is not registered, trying to start it as a lazy HAL.
2022-03-03 10:40:34.075 827-827/? I/HidlServiceManagement: getService: Trying again for android.hardware.radio@1.1::IRadio/slot1...
2022-03-03 10:40:34.232 396-409/? E/RIL RILU: cannot find ttyname for AT Port
2022-03-03 10:40:34.232 396-409/? D/RIL RILC: USB can't find at device
2022-03-03 10:40:35.075 827-827/? W/HidlServiceManagement: Waited one second for android.hardware.radio@1.1::IRadio/slot1
2022-03-03 10:40:35.076 156-156/? I/hwservicemanager: Since android.hardware.radio@1.1::IRadio/slot1 is not registered, trying to start it as a lazy HAL.
2022-03-03 10:40:35.077 827-827/? I/HidlServiceManagement: getService: Trying again for android.hardware.radio@1.1::IRadio/slot1...
2022-03-03 10:40:36.078 827-827/? W/HidlServiceManagement: Waited one second for android.hardware.radio@1.1::IRadio/slot1
2022-03-03 10:40:36.079 156-156/? I/hwservicemanager: Since android.hardware.radio@1.1::IRadio/slot1 is not registered, trying to start it as a lazy HAL.
2022-03-03 10:40:36.080 827-827/? I/HidlServiceManagement: getService: Trying again for android.hardware.radio@1.1::IRadio/slot1...
2022-03-03 10:40:37.081 827-827/? W/HidlServiceManagement: Waited one second for android.hardware.radio@1.1::IRadio/slot1
2022-03-03 10:40:37.081 156-156/? I/hwservicemanager: Since android.hardware.radio@1.1::IRadio/slot1 is not registered, trying to start it as a lazy HAL.
2022-03-03 10:40:37.083 827-827/? I/HidlServiceManagement: getService: Trying again for android.hardware.radio@1.1::IRadio/slot1...
2022-03-03 10:40:37.237 396-409/? E/RIL RILU: cannot find ttyname for AT Port
2022-03-03 10:40:37.237 396-409/? D/RIL RILC: USB can't find at device
2022-03-03 10:40:38.084 827-827/? W/HidlServiceManagement: Waited one second for android.hardware.radio@1.1::IRadio/slot1
2022-03-03 10:40:38.084 156-156/? I/hwservicemanager: Since android.hardware.radio@1.1::IRadio/slot1 is not registered, trying to start it as a lazy HAL.
2022-03-03 10:40:38.087 827-827/? I/HidlServiceManagement: getService: Trying again for android.hardware.radio@1.1::IRadio/slot1...
2022-03-03 10:40:39.089 827-827/? W/HidlServiceManagement: Waited one second for android.hardware.radio@1.1::IRadio/slot1
2022-03-03 10:40:39.090 156-156/? I/hwservicemanager: Since android.hardware.radio@1.1::IRadio/slot1 is not registered, trying to start it as a lazy HAL.
2022-03-03 10:40:39.091 827-827/? I/HidlServiceManagement: getService: Trying again for android.hardware.radio@1.1::IRadio/slot1...
2022-03-03 10:40:40.092 827-827/? W/HidlServiceManagement: Waited one second for android.hardware.radio@1.1::IRadio/slot1
2022-03-03 10:40:40.093 156-156/? I/hwservicemanager: Since android.hardware.radio@1.1::IRadio/slot1 is not registered, trying to start it as a lazy HAL.
2022-03-03 10:40:40.094 827-827/? I/HidlServiceManagement: getService: Trying again for android.hardware.radio@1.1::IRadio/slot1...
2022-03-03 10:40:40.242 396-409/? E/RIL RILU: cannot find ttyname for AT Port
2022-03-03 10:40:40.242 396-409/? D/RIL RILC: USB can't find at device
2022-03-03 10:40:41.094 827-827/? W/HidlServiceManagement: Waited one second for android.hardware.radio@1.1::IRadio/slot1
2022-03-03 10:40:41.095 156-156/? I/hwservicemanager: Since android.hardware.radio@1.1::IRadio/slot1 is not registered, trying to start it as a lazy HAL.
2022-03-03 10:40:41.098 827-827/? I/HidlServiceManagement: getService: Trying again for android.hardware.radio@1.1::IRadio/slot1...
2022-03-03 10:40:42.098 827-827/? W/HidlServiceManagement: Waited one second for android.hardware.radio@1.1::IRadio/slot1
2022-03-03 10:40:42.099 156-156/? I/hwservicemanager: Since android.hardware.radio@1.1::IRadio/slot1 is not registered, trying to start it as a lazy HAL.
2022-03-03 10:40:42.100 827-827/? I/HidlServiceManagement: getService: Trying again for android.hardware.radio@1.1::IRadio/slot1...
2022-03-03 10:40:43.101 827-827/? W/HidlServiceManagement: Waited one second for android.hardware.radio@1.1::IRadio/slot1
2022-03-03 10:40:43.102 156-156/? I/hwservicemanager: Since android.hardware.radio@1.1::IRadio/slot1 is not registered, trying to start it as a lazy HAL.
2022-03-03 10:40:43.103 827-827/? I/HidlServiceManagement: getService: Trying again for android.hardware.radio@1.1::IRadio/slot1...
2022-03-03 10:40:43.247 396-409/? E/RIL RILU: cannot find ttyname for AT Port
2022-03-03 10:40:43.247 396-409/? D/RIL RILC: USB can't find at device
2022-03-03 10:40:44.103 827-827/? W/HidlServiceManagement: Waited one second for android.hardware.radio@1.1::IRadio/slot1
2022-03-03 10:40:44.104 156-156/? I/hwservicemanager: Since android.hardware.radio@1.1::IRadio/slot1 is not registered, trying to start it as a lazy HAL.
2022-03-03 10:40:44.105 827-827/? I/HidlServiceManagement: getService: Trying again for android.hardware.radio@1.1::IRadio/slot1...
2022-03-03 10:40:45.106 827-827/? W/HidlServiceManagement: Waited one second for android.hardware.radio@1.1::IRadio/slot1
2022-03-03 10:40:45.106 156-156/? I/hwservicemanager: Since android.hardware.radio@1.1::IRadio/slot1 is not registered, trying to start it as a lazy HAL.
2022-03-03 10:40:45.107 827-827/? I/HidlServiceManagement: getService: Trying again for android.hardware.radio@1.1::IRadio/slot1...
2022-03-03 10:40:46.108 827-827/? W/HidlServiceManagement: Waited one second for android.hardware.radio@1.1::IRadio/slot1
2022-03-03 10:40:46.109 156-156/? I/hwservicemanager: Since android.hardware.radio@1.1::IRadio/slot1 is not registered, trying to start it as a lazy HAL.
2022-03-03 10:40:46.112 827-827/? I/HidlServiceManagement: getService: Trying again for android.hardware.radio@1.1::IRadio/slot1...
2022-03-03 10:40:46.252 396-409/? E/RIL RILU: cannot find ttyname for AT Port
2022-03-03 10:40:46.252 396-409/? D/RIL RILC: USB can't find at device
2022-03-03 10:40:47.113 827-827/? W/HidlServiceManagement: Waited one second for android.hardware.radio@1.1::IRadio/slot1
2022-03-03 10:40:47.113 156-156/? I/hwservicemanager: Since android.hardware.radio@1.1::IRadio/slot1 is not registered, trying to start it as a lazy HAL.
2022-03-03 10:40:47.114 827-827/? I/HidlServiceManagement: getService: Trying again for android.hardware.radio@1.1::IRadio/slot1...
2022-03-03 10:40:48.115 827-827/? W/HidlServiceManagement: Waited one second for android.hardware.radio@1.1::IRadio/slot1
2022-03-03 10:40:48.116 156-156/? I/hwservicemanager: Since android.hardware.radio@1.1::IRadio/slot1 is not registered, trying to start it as a lazy HAL.
2022-03-03 10:40:48.117 827-827/? I/HidlServiceManagement: getService: Trying again for android.hardware.radio@1.1::IRadio/slot1...
2022-03-03 10:40:47.120 0-0/? I/chatty: uid=0(root) logd identical 58 lines
2022-03-03 10:40:48.125 0-0/? I/init: Control message: Processed ctl.interface_start for 'android.hardware.radio@1.1::IRadio/slot1' from pid: 156 (/system/bin/hwservicemanager)
2022-03-03 10:40:48.264 0-0/? W/healthd: battery l=50 v=3 t=2.6 h=2 st=3 fc=100 chg=au
2022-03-03 10:40:49.117 827-827/? W/HidlServiceManagement: Waited one second for android.hardware.radio@1.1::IRadio/slot1
2022-03-03 10:40:49.118 156-156/? I/hwservicemanager: Since android.hardware.radio@1.1::IRadio/slot1 is not registered, trying to start it as a lazy HAL.
2022-03-03 10:40:49.119 827-827/? I/HidlServiceManagement: getService: Trying again for android.hardware.radio@1.1::IRadio/slot1...
2022-03-03 10:40:49.126 0-0/? I/init: Control message: Processed ctl.interface_start for 'android.hardware.radio@1.1::IRadio/slot1' from pid: 156 (/system/bin/hwservicemanager)
2022-03-03 10:40:49.257 396-409/? E/RIL RILU: cannot find ttyname for AT Port