    
    --------- beginning of kernel
2022-03-03 10:39:43.953 0-0/? I/chatty: uid=0(root) logd identical 55 lines
2022-03-03 10:39:44.955 0-0/? I/init: Control message: Processed ctl.interface_start for 'android.hardware.radio@1.1::IRadio/slot1' from pid: 156 (/system/bin/hwservicemanager)
2022-03-03 10:39:45.055 0-0/? D/logd: logdr: UID=2000 GID=2000 PID=6316 b tail=0 logMask=99 pid=0 start=0ns timeout=0ns
2022-03-03 10:39:45.949 827-827/? W/HidlServiceManagement: Waited one second for android.hardware.radio@1.1::IRadio/slot1
2022-03-03 10:39:45.950 156-156/? I/hwservicemanager: Since android.hardware.radio@1.1::IRadio/slot1 is not registered, trying to start it as a lazy HAL.
2022-03-03 10:39:45.951 827-827/? I/HidlServiceManagement: getService: Trying again for android.hardware.radio@1.1::IRadio/slot1...
2022-03-03 10:39:45.951 339-339/? W/adbd: timeout expired while flushing socket, closing
2022-03-03 10:39:45.959 0-0/? I/init: Control message: Processed ctl.interface_start for 'android.hardware.radio@1.1::IRadio/slot1' from pid: 156 (/system/bin/hwservicemanager)
2022-03-03 10:39:46.168 396-409/? E/RIL RILU: cannot find ttyname for AT Port
2022-03-03 10:39:46.169 396-409/? D/RIL RILC: USB can't find at device
2022-03-03 10:39:46.952 827-827/? W/HidlServiceManagement: Waited one second for android.hardware.radio@1.1::IRadio/slot1
2022-03-03 10:39:46.953 156-156/? I/hwservicemanager: Since android.hardware.radio@1.1::IRadio/slot1 is not registered, trying to start it as a lazy HAL.
2022-03-03 10:39:46.954 827-827/? I/HidlServiceManagement: getService: Trying again for android.hardware.radio@1.1::IRadio/slot1...
2022-03-03 10:39:47.955 827-827/? W/HidlServiceManagement: Waited one second for android.hardware.radio@1.1::IRadio/slot1
2022-03-03 10:39:47.955 156-156/? I/hwservicemanager: Since android.hardware.radio@1.1::IRadio/slot1 is not registered, trying to start it as a lazy HAL.
2022-03-03 10:39:47.956 827-827/? I/HidlServiceManagement: getService: Trying again for android.hardware.radio@1.1::IRadio/slot1...
    
    --------- beginning of system
2022-03-03 10:39:48.061 450-568/? I/ActivityTaskManager: START u0 {act=android.intent.action.GET_CONTENT typ=image/* cmp=com.android.documentsui/.picker.PickActivity} from uid 10129
2022-03-03 10:39:48.063 253-5045/? D/AudioHardwareTiny: start_output_stream:864 out = 0xe88c04c0,device = 0x2,outputs[OUTPUT_HDMI_MULTI] = 0x0
2022-03-03 10:39:48.063 253-5045/? D/AudioHardwareTiny: card0 id:rockchiphdmi
2022-03-03 10:39:48.063 253-5045/? D/AudioHardwareTiny: HDMI card, got card=0,device=0
2022-03-03 10:39:48.063 253-5045/? D/AudioHardwareTiny: card1 id:rockchiprk809co
2022-03-03 10:39:48.063 253-5045/? D/AudioHardwareTiny: SPEAKER card, got card=1,device=0
2022-03-03 10:39:48.063 253-5045/? D/AudioHardwareTiny: No exist proc/asound/card2/id, break and finish parsing
2022-03-03 10:39:48.063 253-5045/? D/AudioHardwareTiny: dump out device info
2022-03-03 10:39:48.063 253-5045/? D/AudioHardwareTiny: dev_info SPEAKER  card=1, device:0
2022-03-03 10:39:48.063 253-5045/? D/AudioHardwareTiny: dev_info HDMI  card=0, device:0
2022-03-03 10:39:48.063 253-5045/? D/AudioHardwareTiny: out->Device     : 0x2
2022-03-03 10:39:48.063 253-5045/? D/AudioHardwareTiny: out->SampleRate : 44100
2022-03-03 10:39:48.063 253-5045/? D/AudioHardwareTiny: out->Channels   : 2
2022-03-03 10:39:48.063 253-5045/? D/AudioHardwareTiny: out->Formate    : 0
2022-03-03 10:39:48.063 253-5045/? D/AudioHardwareTiny: out->PreiodSize : 512
2022-03-03 10:39:48.063 253-5045/? D/alsa_route: route_info->sound_card 0, route_info->devices 0  
2022-03-03 10:39:48.064 253-5045/? D/alsa_route: route_set_controls() set route 0
2022-03-03 10:39:48.064 450-791/? I/system_server: oneway function results will be dropped but finished with status OK and parcel size 4
2022-03-03 10:39:48.067 450-791/? I/system_server: oneway function results will be dropped but finished with status OK and parcel size 4
2022-03-03 10:39:48.074 253-5045/? D/AudioHardwareTiny: start_output_stream:965, out = 0xe88c04c0
2022-03-03 10:39:48.086 450-568/? W/ActivityTaskManager: Tried to set launchTime (0) < mLastActivityLaunchTime (2387521)
2022-03-03 10:39:48.167 5191-5191/com.android.documentsui D/Documents: shouldRestrictStorageAccessFramework = false, packageName = com.example.facedemo
2022-03-03 10:39:48.167 5191-5191/com.android.documentsui D/PickActivity: Created new state object: State{action=5, acceptMimes=[image/*], allowMultiple=false, localOnly=false, stack=DocumentStack{root=null, docStack=[], stackTouched=false}, dirConfigs={}, excludedAuthorities=[], openableOnly=false, restrictScopeStorage=false, sortModel=SortModel{dimensions={16908304=SortDimension{id=16908304, labelId=2131755298, dataType=0, sortCapability=0, defaultSortDirection=1, sortDirection=0, visibility=4}, 16908310=SortDimension{id=16908310, labelId=2131755292, dataType=0, sortCapability=3, defaultSortDirection=1, sortDirection=0, visibility=0}, 2131296384=SortDimension{id=2131296384, labelId=2131755285, dataType=1, sortCapability=3, defaultSortDirection=2, sortDirection=0, visibility=0}, 2131296433=SortDimension{id=2131296433, labelId=2131755289, dataType=0, sortCapability=3, defaultSortDirection=1, sortDirection=0, visibility=0}, 2131296585=SortDimension{id=2131296585, labelId=2131755295, dataType=1, sortCapability=3, defaultSortDirection=1, sortDirection=0, visibility=0}}, defaultDimensionId=0, sortedDimension=null}}
2022-03-03 10:39:48.167 5191-5191/com.android.documentsui D/DrawerController: Calculated drawer width:320.0
2022-03-03 10:39:48.191 5191-5191/com.android.documentsui D/PickerActionHandler: Load last accessed stack.
2022-03-03 10:39:48.191 5191-5191/com.android.documentsui D/PickerActionHandler: Attempting to load last used stack for calling package.
2022-03-03 10:39:48.193 5191-5191/com.android.documentsui D/ProvidersAccess: Matched roots: [Root{userId=0, authority=null, rootId=null, title=最近, isUsb=false, isSd=false, isMtp=false} @ content:/root/null, Root{userId=0, authority=com.android.externalstorage.documents, rootId=primary, title=rk3568_r, isUsb=false, isSd=false, isMtp=false} @ content://com.android.externalstorage.documents/root/primary, Root{userId=0, authority=com.android.providers.downloads.documents, rootId=downloads, title=下载, isUsb=false, isSd=false, isMtp=false} @ content://com.android.providers.downloads.documents/root/downloads, Root{userId=0, authority=com.android.providers.media.documents, rootId=images_root, title=图片, isUsb=false, isSd=false, isMtp=false} @ content://com.android.providers.media.documents/root/images_root]
2022-03-03 10:39:48.211 5191-5191/com.android.documentsui D/DocumentStack: Resetting the whole darn stack to: DocumentStack{root=Root{userId=0, authority=com.android.externalstorage.documents, rootId=primary, title=rk3568_r, isUsb=false, isSd=false, isMtp=false} @ content://com.android.externalstorage.documents/root/primary, docStack=[DocumentInfo{docId=primary:, userId=0, name=0, mimeType=vnd.android.document/directory, isContainer=true, isDirectory=true, isArchive=false, isInArchive=false, isPartial=false, isVirtual=false, isDeleteSupported=true, isCreateSupported=true, isMoveSupported=true, isRenameSupported=true, isMetadataSupported=true, isBlockedFromTree=true} @ content://com.android.externalstorage.documents/document/primary%3A, DocumentInfo{docId=primary:DCIM, userId=0, name=DCIM, mimeType=vnd.android.document/directory, isContainer=true, isDirectory=true, isArchive=false, isInArchive=false, isPartial=false, isVirtual=false, isDeleteSupported=true, isCreateSupported=true, isMoveSupported=true, isRenameSupported=true, isMetadataSupported=true, isBlockedFromTree=false} @ content://com.android.externalstorage.documents/document/primary%3ADCIM], stackTouched=true}
2022-03-03 10:39:48.212 5191-5191/com.android.documentsui E/oid.documentsu: No package ID ff found for ID 0xffffffff.
2022-03-03 10:39:48.214 5191-5191/com.android.documentsui D/DirectoryFragment: Showing directory: content://com.android.externalstorage.documents/document/primary%3ADCIM
2022-03-03 10:39:48.214 5191-5191/com.android.documentsui D/DirectoryFragment: Creating new fragment for directory: content://com.android.externalstorage.documents/document/primary%3ADCIM
2022-03-03 10:39:48.230 5191-5191/com.android.documentsui W/SelectionTracker: Setting gestureTooltypes is likely to result in unexpected behavior.
2022-03-03 10:39:48.232 5191-5191/com.android.documentsui D/AbstractActionHandler: Creating new directory loader for: content://com.android.externalstorage.documents/document/primary%3ADCIM
2022-03-03 10:39:48.236 5191-5191/com.android.documentsui E/oid.documentsu: No package ID ff found for ID 0xffffffff.
2022-03-03 10:39:48.240 5191-6326/com.android.documentsui D/ProvidersAccess: Matched roots: [Root{userId=0, authority=null, rootId=null, title=最近, isUsb=false, isSd=false, isMtp=false} @ content:/root/null, Root{userId=0, authority=com.android.externalstorage.documents, rootId=primary, title=rk3568_r, isUsb=false, isSd=false, isMtp=false} @ content://com.android.externalstorage.documents/root/primary, Root{userId=0, authority=com.android.providers.downloads.documents, rootId=downloads, title=下载, isUsb=false, isSd=false, isMtp=false} @ content://com.android.providers.downloads.documents/root/downloads, Root{userId=0, authority=com.android.providers.media.documents, rootId=images_root, title=图片, isUsb=false, isSd=false, isMtp=false} @ content://com.android.providers.media.documents/root/images_root]
2022-03-03 10:39:46.962 0-0/? I/chatty: uid=0(root) logd identical 1 line
2022-03-03 10:39:47.962 0-0/? I/init: Control message: Processed ctl.interface_start for 'android.hardware.radio@1.1::IRadio/slot1' from pid: 156 (/system/bin/hwservicemanager)
2022-03-03 10:39:48.260 0-0/? W/healthd: battery l=50 v=3 t=2.6 h=2 st=3 fc=100 chg=au
2022-03-03 10:39:48.270 5191-5259/com.android.documentsui D/Documents: Before filtering 9, after 6
2022-03-03 10:39:48.280 223-967/? D/gralloc4: [File] : hardware/rockchip/libgralloc/bifrost/src/hidl_common/Allocator.cpp; [Line] : 147; [Func] : allocate;
    got new private_handle_t instance @0xb400007e26f88770 for buffer 'com.android.documentsui/com.android.documentsui.picker.PickActivity#0'. share_fd : 8, share_attr_fd : 9, flags : 0x4, width : 800, height : 1280, req_format : 0x1, producer_usage : 0x40000000000b00, consumer_usage : 0x40000000000b00, internal_format : 0x0, stride : 0, byte_stride : 0, internalWidth : 0, internalHeight : 0, alloc_format : 0x100000001, size : 4160512, layer_count : 1, backing_store_size : 4160512, allocating_pid : 223, ref_count : 1, yuv_info : 0
2022-03-03 10:39:48.280 223-967/? D/gralloc4: plane_info[0]: offset : 0, byte_stride : 3200, alloc_width : 800, alloc_height : 1280
2022-03-03 10:39:48.280 223-967/? D/gralloc4: plane_info[1]: offset : 0, byte_stride : 0, alloc_width : 0, alloc_height : 0
2022-03-03 10:39:48.282 223-967/? D/gralloc4: [File] : hardware/rockchip/libgralloc/bifrost/src/hidl_common/Allocator.cpp; [Line] : 147; [Func] : allocate;
    got new private_handle_t instance @0xb400007e26f89070 for buffer 'com.android.documentsui/com.android.documentsui.picker.PickActivity#0'. share_fd : 8, share_attr_fd : 9, flags : 0x4, width : 800, height : 1280, req_format : 0x1, producer_usage : 0x40000000000b00, consumer_usage : 0x40000000000b00, internal_format : 0x0, stride : 0, byte_stride : 0, internalWidth : 0, internalHeight : 0, alloc_format : 0x100000001, size : 4160512, layer_count : 1, backing_store_size : 4160512, allocating_pid : 223, ref_count : 1, yuv_info : 0
2022-03-03 10:39:48.282 223-967/? D/gralloc4: plane_info[0]: offset : 0, byte_stride : 3200, alloc_width : 800, alloc_height : 1280
2022-03-03 10:39:48.282 223-967/? D/gralloc4: plane_info[1]: offset : 0, byte_stride : 0, alloc_width : 0, alloc_height : 0
2022-03-03 10:39:48.286 223-967/? D/gralloc4: [File] : hardware/rockchip/libgralloc/bifrost/src/hidl_common/Allocator.cpp; [Line] : 147; [Func] : allocate;
    got new private_handle_t instance @0xb400007e26f88770 for buffer 'com.android.documentsui/com.android.documentsui.picker.PickActivity#0'. share_fd : 8, share_attr_fd : 9, flags : 0x4, width : 800, height : 1280, req_format : 0x1, producer_usage : 0x40000000000b00, consumer_usage : 0x40000000000b00, internal_format : 0x0, stride : 0, byte_stride : 0, internalWidth : 0, internalHeight : 0, alloc_format : 0x100000001, size : 4160512, layer_count : 1, backing_store_size : 4160512, allocating_pid : 223, ref_count : 1, yuv_info : 0
2022-03-03 10:39:48.286 223-967/? D/gralloc4: plane_info[0]: offset : 0, byte_stride : 3200, alloc_width : 800, alloc_height : 1280
2022-03-03 10:39:48.286 223-967/? D/gralloc4: plane_info[1]: offset : 0, byte_stride : 0, alloc_width : 0, alloc_height : 0
2022-03-03 10:39:48.306 5191-5191/com.android.documentsui E/oid.documentsu: No package ID ff found for ID 0xffffffff.
2022-03-03 10:39:48.315 450-475/? I/ActivityTaskManager: Displayed com.android.documentsui/.picker.PickActivity: +242ms
2022-03-03 10:39:48.316 301-379/? W/APM::AudioPolicyEngine: getDevicesForStrategy() unknown strategy: -1
2022-03-03 10:39:48.316 450-791/? I/system_server: oneway function results will be dropped but finished with status OK and parcel size 4
2022-03-03 10:39:48.391 5191-5191/com.android.documentsui E/oid.documentsu: No package ID ff found for ID 0xffffffff.
2022-03-03 10:39:48.418 5191-6326/com.android.documentsui D/ProvidersAccess: Matched roots: [Root{userId=0, authority=null, rootId=null, title=最近, isUsb=false, isSd=false, isMtp=false} @ content:/root/null, Root{userId=0, authority=com.android.externalstorage.documents, rootId=primary, title=rk3568_r, isUsb=false, isSd=false, isMtp=false} @ content://com.android.externalstorage.documents/root/primary, Root{userId=0, authority=com.android.providers.downloads.documents, rootId=downloads, title=下载, isUsb=false, isSd=false, isMtp=false} @ content://com.android.providers.downloads.documents/root/downloads, Root{userId=0, authority=com.android.providers.media.documents, rootId=images_root, title=图片, isUsb=false, isSd=false, isMtp=false} @ content://com.android.providers.media.documents/root/images_root]
2022-03-03 10:39:48.424 5191-5191/com.android.documentsui D/AbstractActionHandler: Loader has finished for: content://com.android.externalstorage.documents/document/primary%3ADCIM
2022-03-03 10:39:48.424 5191-5191/com.android.documentsui I/Model: Updating model with new result set.
2022-03-03 10:39:48.425 5191-5191/com.android.documentsui D/DirectoryFragment: Received model update. Loading=false
2022-03-03 10:39:48.489 5191-5191/com.android.documentsui E/oid.documentsu: No package ID ff found for ID 0xffffffff.
2022-03-03 10:39:48.531 181-197/? E/BufferQueueProducer: [com.example.facedemo/com.example.facedemo.MainActivity#0](id:b500000016,api:0,p:-1,c:181) disconnect: not connected (req=1)
2022-03-03 10:39:48.531 5102-5136/com.example.facedemo W/libEGL: EGLNativeWindowType 0xf1b579e8 disconnect failed
2022-03-03 10:39:48.545 450-773/? V/ActivityTaskManager: getPackageFerformanceMode--ComponentInfo{com.android.documentsui/com.android.documentsui.picker.PickActivity}----com.android.documentsui
2022-03-03 10:39:48.956 827-827/? W/HidlServiceManagement: Waited one second for android.hardware.radio@1.1::IRadio/slot1
2022-03-03 10:39:48.957 156-156/? I/hwservicemanager: Since android.hardware.radio@1.1::IRadio/slot1 is not registered, trying to start it as a lazy HAL.
2022-03-03 10:39:48.958 827-827/? I/HidlServiceManagement: getService: Trying again for android.hardware.radio@1.1::IRadio/slot1...
2022-03-03 10:39:48.964 0-0/? I/init: Control message: Processed ctl.interface_start for 'android.hardware.radio@1.1::IRadio/slot1' from pid: 156 (/system/bin/hwservicemanager)
2022-03-03 10:39:49.172 396-409/? E/RIL RILU: cannot find ttyname for AT Port
2022-03-03 10:39:49.172 396-409/? D/RIL RILC: USB can't find at device
2022-03-03 10:39:49.709 5191-5191/com.android.documentsui D/PickerActionHandler: onFinished() [content://com.android.externalstorage.documents/document/primary%3ADCIM%2F20220124144831.jpg]
2022-03-03 10:39:49.714 223-967/? D/gralloc4: [File] : hardware/rockchip/libgralloc/bifrost/src/hidl_common/Allocator.cpp; [Line] : 147; [Func] : allocate;
    got new private_handle_t instance @0xb400007e26f89070 for buffer 'screenshot'. share_fd : 8, share_attr_fd : 9, flags : 0x4, width : 800, height : 1280, req_format : 0x1, producer_usage : 0x333, consumer_usage : 0x333, internal_format : 0x0, stride : 800, byte_stride : 0, internalWidth : 0, internalHeight : 0, alloc_format : 0x1, size : 4096000, layer_count : 1, backing_store_size : 4096000, allocating_pid : 223, ref_count : 1, yuv_info : 0
2022-03-03 10:39:49.714 223-967/? D/gralloc4: plane_info[0]: offset : 0, byte_stride : 3200, alloc_width : 800, alloc_height : 1280
2022-03-03 10:39:49.714 223-967/? D/gralloc4: plane_info[1]: offset : 0, byte_stride : 0, alloc_width : 0, alloc_height : 0
2022-03-03 10:39:49.801 5102-5102/com.example.facedemo I/loadimg: path=/storage/emulated/0/DCIM/20220124144831.jpg
2022-03-03 10:39:49.801 5102-5102/com.example.facedemo V/getScaledBitmap: 1==
2022-03-03 10:39:49.801 5102-5102/com.example.facedemo V/getScaledBitmap: path=/storage/emulated/0/DCIM/20220124144831.jpg, 期望：vMinWidth=400
2022-03-03 10:39:49.805 5102-5102/com.example.facedemo V/getScaledBitmap: 原图大小：width:240,height:282,path=/storage/emulated/0/DCIM/20220124144831.jpg
2022-03-03 10:39:49.820 5102-5102/com.example.facedemo V/getScaledBitmap: 处理后, size, width=240,height=282
2022-03-03 10:39:49.820 5102-5102/com.example.facedemo D/libSeetafaceSo: DetectFaces, 1 
2022-03-03 10:39:49.820 5102-5102/com.example.facedemo D/libSeetafaceSo: DetectFaces, 2
2022-03-03 10:39:49.821 5102-5102/com.example.facedemo D/libSeetafaceSo: DetectFaces, 4通道转3通道 ok
2022-03-03 10:39:49.821 5102-5102/com.example.facedemo D/libSeetafaceSo: DetectFaces, 灰度化ok
2022-03-03 10:39:49.829 597-613/com.android.systemui I/ndroid.systemu: NativeAlloc concurrent copying GC freed 22364(837KB) AllocSpace objects, 0(0B) LOS objects, 49% free, 6568KB/12MB, paused 98us total 100.647ms
2022-03-03 10:39:49.927 5102-5102/com.example.facedemo D/libSeetafaceSo: DetectFaces, 检测耗时:107毫秒
2022-03-03 10:39:49.927 5102-5102/com.example.facedemo D/libSeetafaceSo: DetectFaces, 人脸数:1
2022-03-03 10:39:49.958 827-827/? W/HidlServiceManagement: Waited one second for android.hardware.radio@1.1::IRadio/slot1
2022-03-03 10:39:49.959 156-156/? I/hwservicemanager: Since android.hardware.radio@1.1::IRadio/slot1 is not registered, trying to start it as a lazy HAL.
2022-03-03 10:39:49.959 827-827/? I/HidlServiceManagement: getService: Trying again for android.hardware.radio@1.1::IRadio/slot1...
2022-03-03 10:39:49.961 450-460/? I/system_server: NativeAlloc concurrent copying GC freed 143967(7571KB) AllocSpace objects, 54(1956KB) LOS objects, 49% free, 10160KB/19MB, paused 168us total 213.466ms
2022-03-03 10:39:49.970 450-469/? I/DropBoxManagerService: add tag=system_server_strictmode isTagEnabled=true flags=0x2
2022-03-03 10:39:50.019 5102-5102/com.example.facedemo I/libSeetafaceSo: 旋转角=-4.044605
2022-03-03 10:39:50.019 5102-5102/com.example.facedemo I/libSeetafaceSo: 偏航角=-4.556214
2022-03-03 10:39:50.019 5102-5102/com.example.facedemo I/libSeetafaceSo: 俯仰角=0.000000
2022-03-03 10:39:50.927 5102-5102/com.example.facedemo I/libSeetafaceSo: 提取特征耗时:908毫秒
2022-03-03 10:39:50.927 5102-5102/com.example.facedemo D/libSeetafaceSo: DetectFaces, 总耗时:1107毫秒
2022-03-03 10:39:50.927 5102-5102/com.example.facedemo I/detectAndCompareFace: face_num=1
2022-03-03 10:39:50.928 5102-5102/com.example.facedemo I/detectAndCompareFace: roll,pitch,yaw=-4.044605, 0.0,-4.5562143
2022-03-03 10:39:50.928 5102-5102/com.example.facedemo I/detectAndCompareFace: seetaFaces0, pos:24, 250, 39, 265, 
2022-03-03 10:39:50.929 5102-5102/com.example.facedemo I/loadimg: drawRect,i=0, 24,250,39,265
2022-03-03 10:39:50.930 5102-5102/com.example.facedemo D/libSeetafaceSo: CalcSimilarity tFeat1 ok
2022-03-03 10:39:50.930 5102-5102/com.example.facedemo D/libSeetafaceSo: CalcSimilarity tFeat2 ok
2022-03-03 10:39:50.930 5102-5102/com.example.facedemo D/libSeetafaceSo: CalcSimilarity, tSim=0.2200, time=0
2022-03-03 10:39:50.939 5102-5102/com.example.facedemo I/Choreographer: Skipped 70 frames!  The application may be doing too much work on its main thread.
2022-03-03 10:39:50.959 223-967/? D/gralloc4: [File] : hardware/rockchip/libgralloc/bifrost/src/hidl_common/Allocator.cpp; [Line] : 147; [Func] : allocate;
    got new private_handle_t instance @0xb400007e26f88770 for buffer 'com.example.facedemo/com.example.facedemo.MainActivity#0'. share_fd : 8, share_attr_fd : 9, flags : 0x4, width : 800, height : 1280, req_format : 0x1, producer_usage : 0x40000000000b00, consumer_usage : 0x40000000000b00, internal_format : 0x0, stride : 0, byte_stride : 0, internalWidth : 0, internalHeight : 0, alloc_format : 0x100000001, size : 4160512, layer_count : 1, backing_store_size : 4160512, allocating_pid : 223, ref_count : 1, yuv_info : 0
2022-03-03 10:39:50.959 223-967/? D/gralloc4: plane_info[0]: offset : 0, byte_stride : 3200, alloc_width : 800, alloc_height : 1280
2022-03-03 10:39:50.959 827-827/? W/HidlServiceManagement: Waited one second for android.hardware.radio@1.1::IRadio/slot1
2022-03-03 10:39:50.960 223-967/? D/gralloc4: plane_info[1]: offset : 0, byte_stride : 0, alloc_width : 0, alloc_height : 0
2022-03-03 10:39:50.960 156-156/? I/hwservicemanager: Since android.hardware.radio@1.1::IRadio/slot1 is not registered, trying to start it as a lazy HAL.
2022-03-03 10:39:50.961 827-827/? I/HidlServiceManagement: getService: Trying again for android.hardware.radio@1.1::IRadio/slot1...
2022-03-03 10:39:50.962 223-967/? D/gralloc4: [File] : hardware/rockchip/libgralloc/bifrost/src/hidl_common/Allocator.cpp; [Line] : 147; [Func] : allocate;
    got new private_handle_t instance @0xb400007e26f89070 for buffer 'com.example.facedemo/com.example.facedemo.MainActivity#0'. share_fd : 8, share_attr_fd : 9, flags : 0x4, width : 800, height : 1280, req_format : 0x1, producer_usage : 0x40000000000b00, consumer_usage : 0x40000000000b00, internal_format : 0x0, stride : 0, byte_stride : 0, internalWidth : 0, internalHeight : 0, alloc_format : 0x100000001, size : 4160512, layer_count : 1, backing_store_size : 4160512, allocating_pid : 223, ref_count : 1, yuv_info : 0
2022-03-03 10:39:50.962 223-967/? D/gralloc4: plane_info[0]: offset : 0, byte_stride : 3200, alloc_width : 800, alloc_height : 1280
2022-03-03 10:39:50.962 223-967/? D/gralloc4: plane_info[1]: offset : 0, byte_stride : 0, alloc_width : 0, alloc_height : 0
2022-03-03 10:39:50.964 223-967/? D/gralloc4: [File] : hardware/rockchip/libgralloc/bifrost/src/hidl_common/Allocator.cpp; [Line] : 147; [Func] : allocate;
    got new private_handle_t instance @0xb400007e26f88770 for buffer 'com.example.facedemo/com.example.facedemo.MainActivity#0'. share_fd : 8, share_attr_fd : 9, flags : 0x4, width : 800, height : 1280, req_format : 0x1, producer_usage : 0x40000000000b00, consumer_usage : 0x40000000000b00, internal_format : 0x0, stride : 0, byte_stride : 0, internalWidth : 0, internalHeight : 0, alloc_format : 0x100000001, size : 4160512, layer_count : 1, backing_store_size : 4160512, allocating_pid : 223, ref_count : 1, yuv_info : 0
2022-03-03 10:39:50.964 223-967/? D/gralloc4: plane_info[0]: offset : 0, byte_stride : 3200, alloc_width : 800, alloc_height : 1280
2022-03-03 10:39:50.964 223-967/? D/gralloc4: plane_info[1]: offset : 0, byte_stride : 0, alloc_width : 0, alloc_height : 0
2022-03-03 10:39:50.977 5102-5136/com.example.facedemo I/OpenGLRenderer: Davey! duration=1209ms; Flags=1, IntendedVsync=3309837945103, Vsync=3311004611723, OldestInputEvent=9223372036854775807, NewestInputEvent=0, HandleInputStart=3311010107789, AnimationStart=3311010111289, PerformTraversalsStart=3311010113331, DrawStart=3311030623916, SyncQueued=3311038792334, SyncStart=3311039168292, IssueDrawCommandsStart=3311042489209, SwapBuffers=3311046903585, FrameCompleted=3311048187210, DequeueBufferDuration=273292, QueueBufferDuration=410958, GpuCompleted=0, 
2022-03-03 10:39:51.109 450-1134/? E/TaskPersister: File error accessing recents directory (directory doesn't exist?).
2022-03-03 10:39:51.192 253-390/? D/AudioHardwareTiny: do_out_standby,out = 0xe88c04c0,device = 0x2
2022-03-03 10:39:51.199 253-390/? D/alsa_route: route_set_controls() set route 24
2022-03-03 10:39:51.210 253-390/? D/AudioHardwareTiny: close device
2022-03-03 10:39:51.211 450-975/? I/system_server: oneway function results will be dropped but finished with status OK and parcel size 4
2022-03-03 10:39:51.226 181-965/? E/BufferQueueProducer: [com.android.documentsui/com.android.documentsui.picker.PickActivity#0](id:b500000017,api:0,p:-1,c:181) disconnect: not connected (req=1)
2022-03-03 10:39:51.226 5191-5231/com.android.documentsui W/libEGL: EGLNativeWindowType 0xb4000077a77a3440 disconnect failed
2022-03-03 10:39:51.961 827-827/? W/HidlServiceManagement: Waited one second for android.hardware.radio@1.1::IRadio/slot1
2022-03-03 10:39:51.962 156-156/? I/hwservicemanager: Since android.hardware.radio@1.1::IRadio/slot1 is not registered, trying to start it as a lazy HAL.
2022-03-03 10:39:51.963 827-827/? I/HidlServiceManagement: getService: Trying again for android.hardware.radio@1.1::IRadio/slot1...
2022-03-03 10:39:52.174 396-409/? E/RIL RILU: cannot find ttyname for AT Port
2022-03-03 10:39:52.174 396-409/? D/RIL RILC: USB can't find at device
2022-03-03 10:39:52.964 827-827/? W/HidlServiceManagement: Waited one second for android.hardware.radio@1.1::IRadio/slot1
2022-03-03 10:39:52.965 156-156/? I/hwservicemanager: Since android.hardware.radio@1.1::IRadio/slot1 is not registered, trying to start it as a lazy HAL.
2022-03-03 10:39:52.968 827-827/? I/HidlServiceManagement: getService: Trying again for android.hardware.radio@1.1::IRadio/slot1...
2022-03-03 10:39:53.319 450-773/? I/ActivityTaskManager: START u0 {act=android.intent.action.GET_CONTENT typ=image/* cmp=com.android.documentsui/.picker.PickActivity} from uid 10129
2022-03-03 10:39:53.324 253-5045/? D/AudioHardwareTiny: start_output_stream:864 out = 0xe88c04c0,device = 0x2,outputs[OUTPUT_HDMI_MULTI] = 0x0
2022-03-03 10:39:53.324 253-5045/? D/AudioHardwareTiny: card0 id:rockchiphdmi
2022-03-03 10:39:53.324 253-5045/? D/AudioHardwareTiny: HDMI card, got card=0,device=0
2022-03-03 10:39:53.324 253-5045/? D/AudioHardwareTiny: card1 id:rockchiprk809co
2022-03-03 10:39:53.324 253-5045/? D/AudioHardwareTiny: SPEAKER card, got card=1,device=0
2022-03-03 10:39:53.324 253-5045/? D/AudioHardwareTiny: No exist proc/asound/card2/id, break and finish parsing
2022-03-03 10:39:53.324 253-5045/? D/AudioHardwareTiny: dump out device info
2022-03-03 10:39:53.324 253-5045/? D/AudioHardwareTiny: dev_info SPEAKER  card=1, device:0
2022-03-03 10:39:53.324 253-5045/? D/AudioHardwareTiny: dev_info HDMI  card=0, device:0
2022-03-03 10:39:53.324 253-5045/? D/AudioHardwareTiny: out->Device     : 0x2
2022-03-03 10:39:53.324 253-5045/? D/AudioHardwareTiny: out->SampleRate : 44100
2022-03-03 10:39:53.324 253-5045/? D/AudioHardwareTiny: out->Channels   : 2
2022-03-03 10:39:53.324 253-5045/? D/AudioHardwareTiny: out->Formate    : 0
2022-03-03 10:39:53.324 253-5045/? D/AudioHardwareTiny: out->PreiodSize : 512
2022-03-03 10:39:53.324 450-975/? I/system_server: oneway function results will be dropped but finished with status OK and parcel size 4
2022-03-03 10:39:53.324 253-5045/? D/alsa_route: route_info->sound_card 0, route_info->devices 0  
2022-03-03 10:39:53.325 253-5045/? D/alsa_route: route_set_controls() set route 0
2022-03-03 10:39:53.326 450-791/? I/system_server: oneway function results will be dropped but finished with status OK and parcel size 4
2022-03-03 10:39:53.335 253-5045/? D/AudioHardwareTiny: start_output_stream:965, out = 0xe88c04c0
2022-03-03 10:39:53.343 450-975/? W/ActivityTaskManager: Tried to set launchTime (0) < mLastActivityLaunchTime (3308159)
2022-03-03 10:39:53.411 5191-5191/com.android.documentsui D/Documents: shouldRestrictStorageAccessFramework = false, packageName = com.example.facedemo
2022-03-03 10:39:53.411 5191-5191/com.android.documentsui D/PickActivity: Created new state object: State{action=5, acceptMimes=[image/*], allowMultiple=false, localOnly=false, stack=DocumentStack{root=null, docStack=[], stackTouched=false}, dirConfigs={}, excludedAuthorities=[], openableOnly=false, restrictScopeStorage=false, sortModel=SortModel{dimensions={16908304=SortDimension{id=16908304, labelId=2131755298, dataType=0, sortCapability=0, defaultSortDirection=1, sortDirection=0, visibility=4}, 16908310=SortDimension{id=16908310, labelId=2131755292, dataType=0, sortCapability=3, defaultSortDirection=1, sortDirection=0, visibility=0}, 2131296384=SortDimension{id=2131296384, labelId=2131755285, dataType=1, sortCapability=3, defaultSortDirection=2, sortDirection=0, visibility=0}, 2131296433=SortDimension{id=2131296433, labelId=2131755289, dataType=0, sortCapability=3, defaultSortDirection=1, sortDirection=0, visibility=0}, 2131296585=SortDimension{id=2131296585, labelId=2131755295, dataType=1, sortCapability=3, defaultSortDirection=1, sortDirection=0, visibility=0}}, defaultDimensionId=0, sortedDimension=null}}
2022-03-03 10:39:53.411 5191-5191/com.android.documentsui D/DrawerController: Calculated drawer width:320.0
2022-03-03 10:39:53.430 5191-5191/com.android.documentsui D/PickerActionHandler: Load last accessed stack.
2022-03-03 10:39:53.430 5191-5191/com.android.documentsui D/PickerActionHandler: Attempting to load last used stack for calling package.
2022-03-03 10:39:53.432 5191-5191/com.android.documentsui D/ProvidersAccess: Matched roots: [Root{userId=0, authority=null, rootId=null, title=最近, isUsb=false, isSd=false, isMtp=false} @ content:/root/null, Root{userId=0, authority=com.android.externalstorage.documents, rootId=primary, title=rk3568_r, isUsb=false, isSd=false, isMtp=false} @ content://com.android.externalstorage.documents/root/primary, Root{userId=0, authority=com.android.providers.downloads.documents, rootId=downloads, title=下载, isUsb=false, isSd=false, isMtp=false} @ content://com.android.providers.downloads.documents/root/downloads, Root{userId=0, authority=com.android.providers.media.documents, rootId=images_root, title=图片, isUsb=false, isSd=false, isMtp=false} @ content://com.android.providers.media.documents/root/images_root]
2022-03-03 10:39:53.448 5191-5191/com.android.documentsui D/DocumentStack: Resetting the whole darn stack to: DocumentStack{root=Root{userId=0, authority=com.android.externalstorage.documents, rootId=primary, title=rk3568_r, isUsb=false, isSd=false, isMtp=false} @ content://com.android.externalstorage.documents/root/primary, docStack=[DocumentInfo{docId=primary:, userId=0, name=0, mimeType=vnd.android.document/directory, isContainer=true, isDirectory=true, isArchive=false, isInArchive=false, isPartial=false, isVirtual=false, isDeleteSupported=true, isCreateSupported=true, isMoveSupported=true, isRenameSupported=true, isMetadataSupported=true, isBlockedFromTree=true} @ content://com.android.externalstorage.documents/document/primary%3A, DocumentInfo{docId=primary:DCIM, userId=0, name=DCIM, mimeType=vnd.android.document/directory, isContainer=true, isDirectory=true, isArchive=false, isInArchive=false, isPartial=false, isVirtual=false, isDeleteSupported=true, isCreateSupported=true, isMoveSupported=true, isRenameSupported=true, isMetadataSupported=true, isBlockedFromTree=false} @ content://com.android.externalstorage.documents/document/primary%3ADCIM], stackTouched=true}
2022-03-03 10:39:53.449 5191-5191/com.android.documentsui E/oid.documentsu: No package ID ff found for ID 0xffffffff.
2022-03-03 10:39:53.456 5191-5191/com.android.documentsui D/DirectoryFragment: Showing directory: content://com.android.externalstorage.documents/document/primary%3ADCIM
2022-03-03 10:39:53.456 5191-5191/com.android.documentsui D/DirectoryFragment: Creating new fragment for directory: content://com.android.externalstorage.documents/document/primary%3ADCIM
2022-03-03 10:39:53.465 5191-5191/com.android.documentsui W/SelectionTracker: Setting gestureTooltypes is likely to result in unexpected behavior.
2022-03-03 10:39:53.466 5191-5191/com.android.documentsui D/AbstractActionHandler: Creating new directory loader for: content://com.android.externalstorage.documents/document/primary%3ADCIM
2022-03-03 10:39:53.470 5191-5191/com.android.documentsui E/oid.documentsu: No package ID ff found for ID 0xffffffff.
2022-03-03 10:39:53.474 5191-6335/com.android.documentsui D/ProvidersAccess: Matched roots: [Root{userId=0, authority=null, rootId=null, title=最近, isUsb=false, isSd=false, isMtp=false} @ content:/root/null, Root{userId=0, authority=com.android.externalstorage.documents, rootId=primary, title=rk3568_r, isUsb=false, isSd=false, isMtp=false} @ content://com.android.externalstorage.documents/root/primary, Root{userId=0, authority=com.android.providers.downloads.documents, rootId=downloads, title=下载, isUsb=false, isSd=false, isMtp=false} @ content://com.android.providers.downloads.documents/root/downloads, Root{userId=0, authority=com.android.providers.media.documents, rootId=images_root, title=图片, isUsb=false, isSd=false, isMtp=false} @ content://com.android.providers.media.documents/root/images_root]
2022-03-03 10:39:53.512 223-967/? D/gralloc4: [File] : hardware/rockchip/libgralloc/bifrost/src/hidl_common/Allocator.cpp; [Line] : 147; [Func] : allocate;
    got new private_handle_t instance @0xb400007e26f89070 for buffer 'com.android.documentsui/com.android.documentsui.picker.PickActivity#0'. share_fd : 8, share_attr_fd : 9, flags : 0x4, width : 800, height : 1280, req_format : 0x1, producer_usage : 0x40000000000b00, consumer_usage : 0x40000000000b00, internal_format : 0x0, stride : 0, byte_stride : 0, internalWidth : 0, internalHeight : 0, alloc_format : 0x100000001, size : 4160512, layer_count : 1, backing_store_size : 4160512, allocating_pid : 223, ref_count : 1, yuv_info : 0
2022-03-03 10:39:53.512 223-967/? D/gralloc4: plane_info[0]: offset : 0, byte_stride : 3200, alloc_width : 800, alloc_height : 1280
2022-03-03 10:39:53.512 223-967/? D/gralloc4: plane_info[1]: offset : 0, byte_stride : 0, alloc_width : 0, alloc_height : 0
2022-03-03 10:39:53.514 223-967/? D/gralloc4: [File] : hardware/rockchip/libgralloc/bifrost/src/hidl_common/Allocator.cpp; [Line] : 147; [Func] : allocate;
    got new private_handle_t instance @0xb400007e26f88770 for buffer 'com.android.documentsui/com.android.documentsui.picker.PickActivity#0'. share_fd : 8, share_attr_fd : 9, flags : 0x4, width : 800, height : 1280, req_format : 0x1, producer_usage : 0x40000000000b00, consumer_usage : 0x40000000000b00, internal_format : 0x0, stride : 0, byte_stride : 0, internalWidth : 0, internalHeight : 0, alloc_format : 0x100000001, size : 4160512, layer_count : 1, backing_store_size : 4160512, allocating_pid : 223, ref_count : 1, yuv_info : 0
2022-03-03 10:39:53.514 223-967/? D/gralloc4: plane_info[0]: offset : 0, byte_stride : 3200, alloc_width : 800, alloc_height : 1280
2022-03-03 10:39:53.514 223-967/? D/gralloc4: plane_info[1]: offset : 0, byte_stride : 0, alloc_width : 0, alloc_height : 0
2022-03-03 10:39:53.516 223-227/? D/gralloc4: [File] : hardware/rockchip/libgralloc/bifrost/src/hidl_common/Allocator.cpp; [Line] : 147; [Func] : allocate;
    got new private_handle_t instance @0xb400007e26f86010 for buffer 'com.android.documentsui/com.android.documentsui.picker.PickActivity#0'. share_fd : 8, share_attr_fd : 9, flags : 0x4, width : 800, height : 1280, req_format : 0x1, producer_usage : 0x40000000000b00, consumer_usage : 0x40000000000b00, internal_format : 0x0, stride : 0, byte_stride : 0, internalWidth : 0, internalHeight : 0, alloc_format : 0x100000001, size : 4160512, layer_count : 1, backing_store_size : 4160512, allocating_pid : 223, ref_count : 1, yuv_info : 0
2022-03-03 10:39:53.516 223-227/? D/gralloc4: plane_info[0]: offset : 0, byte_stride : 3200, alloc_width : 800, alloc_height : 1280
2022-03-03 10:39:53.516 223-227/? D/gralloc4: plane_info[1]: offset : 0, byte_stride : 0, alloc_width : 0, alloc_height : 0
2022-03-03 10:39:53.523 5191-5259/com.android.documentsui D/Documents: Before filtering 9, after 6
2022-03-03 10:39:53.532 5191-5191/com.android.documentsui E/oid.documentsu: No package ID ff found for ID 0xffffffff.
2022-03-03 10:39:53.549 450-475/? I/ActivityTaskManager: Displayed com.android.documentsui/.picker.PickActivity: +215ms
2022-03-03 10:39:53.579 301-379/? W/APM::AudioPolicyEngine: getDevicesForStrategy() unknown strategy: -1
2022-03-03 10:39:53.581 450-568/? I/system_server: oneway function results will be dropped but finished with status OK and parcel size 4
2022-03-03 10:39:53.611 5191-5191/com.android.documentsui E/oid.documentsu: No package ID ff found for ID 0xffffffff.
2022-03-03 10:39:53.632 5191-6335/com.android.documentsui D/ProvidersAccess: Matched roots: [Root{userId=0, authority=null, rootId=null, title=最近, isUsb=false, isSd=false, isMtp=false} @ content:/root/null, Root{userId=0, authority=com.android.externalstorage.documents, rootId=primary, title=rk3568_r, isUsb=false, isSd=false, isMtp=false} @ content://com.android.externalstorage.documents/root/primary, Root{userId=0, authority=com.android.providers.downloads.documents, rootId=downloads, title=下载, isUsb=false, isSd=false, isMtp=false} @ content://com.android.providers.downloads.documents/root/downloads, Root{userId=0, authority=com.android.providers.media.documents, rootId=images_root, title=图片, isUsb=false, isSd=false, isMtp=false} @ content://com.android.providers.media.documents/root/images_root]
2022-03-03 10:39:53.633 5191-5191/com.android.documentsui D/AbstractActionHandler: Loader has finished for: content://com.android.externalstorage.documents/document/primary%3ADCIM
2022-03-03 10:39:53.634 5191-5191/com.android.documentsui I/Model: Updating model with new result set.
2022-03-03 10:39:53.634 5191-5191/com.android.documentsui D/DirectoryFragment: Received model update. Loading=false
2022-03-03 10:39:53.698 5191-5191/com.android.documentsui E/oid.documentsu: No package ID ff found for ID 0xffffffff.
2022-03-03 10:39:53.741 450-975/? V/ActivityTaskManager: getPackageFerformanceMode--ComponentInfo{com.android.documentsui/com.android.documentsui.picker.PickActivity}----com.android.documentsui
2022-03-03 10:39:53.778 181-196/? E/BufferQueueProducer: [com.example.facedemo/com.example.facedemo.MainActivity#0](id:b500000018,api:0,p:-1,c:181) disconnect: not connected (req=1)
2022-03-03 10:39:53.779 5102-5136/com.example.facedemo W/libEGL: EGLNativeWindowType 0xf1b51528 disconnect failed
2022-03-03 10:39:53.968 827-827/? W/HidlServiceManagement: Waited one second for android.hardware.radio@1.1::IRadio/slot1
2022-03-03 10:39:53.969 156-156/? I/hwservicemanager: Since android.hardware.radio@1.1::IRadio/slot1 is not registered, trying to start it as a lazy HAL.
2022-03-03 10:39:53.971 827-827/? I/HidlServiceManagement: getService: Trying again for android.hardware.radio@1.1::IRadio/slot1...
2022-03-03 10:39:54.725 5191-5191/com.android.documentsui D/PickerActionHandler: onFinished() [content://com.android.externalstorage.documents/document/primary%3ADCIM%2FIMG_20220228_172334.jpg]
2022-03-03 10:39:54.730 223-227/? D/gralloc4: [File] : hardware/rockchip/libgralloc/bifrost/src/hidl_common/Allocator.cpp; [Line] : 147; [Func] : allocate;
    got new private_handle_t instance @0xb400007e26f89a90 for buffer 'screenshot'. share_fd : 8, share_attr_fd : 9, flags : 0x4, width : 800, height : 1280, req_format : 0x1, producer_usage : 0x333, consumer_usage : 0x333, internal_format : 0x0, stride : 800, byte_stride : 0, internalWidth : 0, internalHeight : 0, alloc_format : 0x1, size : 4096000, layer_count : 1, backing_store_size : 4096000, allocating_pid : 223, ref_count : 1, yuv_info : 0
2022-03-03 10:39:54.730 223-227/? D/gralloc4: plane_info[0]: offset : 0, byte_stride : 3200, alloc_width : 800, alloc_height : 1280
2022-03-03 10:39:54.730 223-227/? D/gralloc4: plane_info[1]: offset : 0, byte_stride : 0, alloc_width : 0, alloc_height : 0
2022-03-03 10:39:54.839 450-1134/? E/TaskPersister: File error accessing recents directory (directory doesn't exist?).
2022-03-03 10:39:54.971 827-827/? W/HidlServiceManagement: Waited one second for android.hardware.radio@1.1::IRadio/slot1
2022-03-03 10:39:54.971 156-156/? I/hwservicemanager: Since android.hardware.radio@1.1::IRadio/slot1 is not registered, trying to start it as a lazy HAL.
2022-03-03 10:39:54.972 827-827/? I/HidlServiceManagement: getService: Trying again for android.hardware.radio@1.1::IRadio/slot1...
2022-03-03 10:39:55.100 5102-5102/com.example.facedemo I/loadimg: path=/storage/emulated/0/DCIM/IMG_20220228_172334.jpg
2022-03-03 10:39:55.100 5102-5102/com.example.facedemo V/getScaledBitmap: 1==
2022-03-03 10:39:55.100 5102-5102/com.example.facedemo V/getScaledBitmap: path=/storage/emulated/0/DCIM/IMG_20220228_172334.jpg, 期望：vMinWidth=400
2022-03-03 10:39:55.104 5102-5102/com.example.facedemo V/getScaledBitmap: 原图大小：width:4224,height:5632,path=/storage/emulated/0/DCIM/IMG_20220228_172334.jpg
2022-03-03 10:39:55.175 396-409/? E/RIL RILU: cannot find ttyname for AT Port
2022-03-03 10:39:55.175 396-409/? D/RIL RILC: USB can't find at device
2022-03-03 10:39:55.500 5102-5102/com.example.facedemo V/getScaledBitmap: 处理后, size, width=400,height=534
2022-03-03 10:39:55.500 5102-5102/com.example.facedemo D/libSeetafaceSo: DetectFaces, 1 
2022-03-03 10:39:55.502 5102-5102/com.example.facedemo D/libSeetafaceSo: DetectFaces, 2
2022-03-03 10:39:55.502 5102-5102/com.example.facedemo D/libSeetafaceSo: DetectFaces, 4通道转3通道 ok
2022-03-03 10:39:55.504 5102-5102/com.example.facedemo D/libSeetafaceSo: DetectFaces, 灰度化ok
2022-03-03 10:39:55.743 5102-5102/com.example.facedemo D/libSeetafaceSo: DetectFaces, 检测耗时:243毫秒
2022-03-03 10:39:55.743 5102-5102/com.example.facedemo D/libSeetafaceSo: DetectFaces, 人脸数:1
2022-03-03 10:39:55.833 5102-5102/com.example.facedemo I/libSeetafaceSo: 旋转角=-0.000000
2022-03-03 10:39:55.833 5102-5102/com.example.facedemo I/libSeetafaceSo: 偏航角=12.696890
2022-03-03 10:39:55.833 5102-5102/com.example.facedemo I/libSeetafaceSo: 俯仰角=-11.927190
2022-03-03 10:39:55.972 827-827/? W/HidlServiceManagement: Waited one second for android.hardware.radio@1.1::IRadio/slot1
2022-03-03 10:39:55.973 156-156/? I/hwservicemanager: Since android.hardware.radio@1.1::IRadio/slot1 is not registered, trying to start it as a lazy HAL.
2022-03-03 10:39:55.973 827-827/? I/HidlServiceManagement: getService: Trying again for android.hardware.radio@1.1::IRadio/slot1...
2022-03-03 10:39:56.108 450-519/? I/InputDispatcher: Dropping event because there is no touchable window or gesture monitor at (493, 319) in display 0.
2022-03-03 10:39:56.118 450-519/? I/InputDispatcher: Dropping event because there is no touched foreground window in display 0 or gesture monitor to receive it.
2022-03-03 10:39:56.202 450-519/? I/chatty: uid=1000(system) InputDispatcher identical 8 lines
2022-03-03 10:39:56.213 450-519/? I/InputDispatcher: Dropping event because there is no touched foreground window in display 0 or gesture monitor to receive it.
2022-03-03 10:39:56.449 253-390/? D/AudioHardwareTiny: do_out_standby,out = 0xe88c04c0,device = 0x2
2022-03-03 10:39:56.455 253-390/? D/alsa_route: route_set_controls() set route 24
2022-03-03 10:39:56.464 253-390/? D/AudioHardwareTiny: close device
2022-03-03 10:39:56.466 450-568/? I/system_server: oneway function results will be dropped but finished with status OK and parcel size 4
2022-03-03 10:39:56.635 450-519/? I/InputDispatcher: Dropping event because there is no touchable window or gesture monitor at (501, 283) in display 0.
2022-03-03 10:39:56.645 450-519/? I/InputDispatcher: Dropping event because there is no touched foreground window in display 0 or gesture monitor to receive it.
2022-03-03 10:39:56.729 450-519/? I/chatty: uid=1000(system) InputDispatcher identical 8 lines
2022-03-03 10:39:56.739 450-519/? I/InputDispatcher: Dropping event because there is no touched foreground window in display 0 or gesture monitor to receive it.
2022-03-03 10:39:56.747 5102-5102/com.example.facedemo I/libSeetafaceSo: 提取特征耗时:914毫秒
2022-03-03 10:39:56.747 5102-5102/com.example.facedemo D/libSeetafaceSo: DetectFaces, 总耗时:1247毫秒
2022-03-03 10:39:56.747 5102-5102/com.example.facedemo I/detectAndCompareFace: face_num=1
2022-03-03 10:39:56.747 5102-5102/com.example.facedemo I/detectAndCompareFace: roll,pitch,yaw=-0.0, -11.92719,12.69689
2022-03-03 10:39:56.747 5102-5102/com.example.facedemo I/detectAndCompareFace: seetaFaces0, pos:133, 274, 153, 294, 
2022-03-03 10:39:56.749 5102-5102/com.example.facedemo I/loadimg: drawRect,i=0, 133,274,153,294
2022-03-03 10:39:56.750 5102-5102/com.example.facedemo D/libSeetafaceSo: CalcSimilarity tFeat1 ok
2022-03-03 10:39:56.750 5102-5102/com.example.facedemo D/libSeetafaceSo: CalcSimilarity tFeat2 ok
2022-03-03 10:39:56.750 5102-5102/com.example.facedemo D/libSeetafaceSo: CalcSimilarity, tSim=0.2200, time=0
2022-03-03 10:39:56.755 5102-5102/com.example.facedemo I/Choreographer: Skipped 118 frames!  The application may be doing too much work on its main thread.
2022-03-03 10:39:56.775 223-227/? D/gralloc4: [File] : hardware/rockchip/libgralloc/bifrost/src/hidl_common/Allocator.cpp; [Line] : 147; [Func] : allocate;
    got new private_handle_t instance @0xb400007e26f86010 for buffer 'com.example.facedemo/com.example.facedemo.MainActivity#0'. share_fd : 8, share_attr_fd : 9, flags : 0x4, width : 800, height : 1280, req_format : 0x1, producer_usage : 0x40000000000b00, consumer_usage : 0x40000000000b00, internal_format : 0x0, stride : 0, byte_stride : 0, internalWidth : 0, internalHeight : 0, alloc_format : 0x100000001, size : 4160512, layer_count : 1, backing_store_size : 4160512, allocating_pid : 223, ref_count : 1, yuv_info : 0
2022-03-03 10:39:56.775 223-227/? D/gralloc4: plane_info[0]: offset : 0, byte_stride : 3200, alloc_width : 800, alloc_height : 1280
2022-03-03 10:39:56.775 223-227/? D/gralloc4: plane_info[1]: offset : 0, byte_stride : 0, alloc_width : 0, alloc_height : 0
2022-03-03 10:39:56.777 223-227/? D/gralloc4: [File] : hardware/rockchip/libgralloc/bifrost/src/hidl_common/Allocator.cpp; [Line] : 147; [Func] : allocate;
    got new private_handle_t instance @0xb400007e26f89a90 for buffer 'com.example.facedemo/com.example.facedemo.MainActivity#0'. share_fd : 8, share_attr_fd : 9, flags : 0x4, width : 800, height : 1280, req_format : 0x1, producer_usage : 0x40000000000b00, consumer_usage : 0x40000000000b00, internal_format : 0x0, stride : 0, byte_stride : 0, internalWidth : 0, internalHeight : 0, alloc_format : 0x100000001, size : 4160512, layer_count : 1, backing_store_size : 4160512, allocating_pid : 223, ref_count : 1, yuv_info : 0
2022-03-03 10:39:56.777 223-227/? D/gralloc4: plane_info[0]: offset : 0, byte_stride : 3200, alloc_width : 800, alloc_height : 1280
2022-03-03 10:39:56.777 223-227/? D/gralloc4: plane_info[1]: offset : 0, byte_stride : 0, alloc_width : 0, alloc_height : 0
2022-03-03 10:39:56.779 223-967/? D/gralloc4: [File] : hardware/rockchip/libgralloc/bifrost/src/hidl_common/Allocator.cpp; [Line] : 147; [Func] : allocate;
    got new private_handle_t instance @0xb400007e26f89070 for buffer 'com.example.facedemo/com.example.facedemo.MainActivity#0'. share_fd : 8, share_attr_fd : 9, flags : 0x4, width : 800, height : 1280, req_format : 0x1, producer_usage : 0x40000000000b00, consumer_usage : 0x40000000000b00, internal_format : 0x0, stride : 0, byte_stride : 0, internalWidth : 0, internalHeight : 0, alloc_format : 0x100000001, size : 4160512, layer_count : 1, backing_store_size : 4160512, allocating_pid : 223, ref_count : 1, yuv_info : 0
2022-03-03 10:39:56.779 223-967/? D/gralloc4: plane_info[0]: offset : 0, byte_stride : 3200, alloc_width : 800, alloc_height : 1280
2022-03-03 10:39:56.779 223-967/? D/gralloc4: plane_info[1]: offset : 0, byte_stride : 0, alloc_width : 0, alloc_height : 0
2022-03-03 10:39:56.790 5102-5136/com.example.facedemo I/OpenGLRenderer: Davey! duration=2004ms; Flags=1, IntendedVsync=3314855909274, Vsync=3316822575862, OldestInputEvent=9223372036854775807, NewestInputEvent=0, HandleInputStart=3316826265332, AnimationStart=3316826268540, PerformTraversalsStart=3316826270874, DrawStart=3316845471584, SyncQueued=3316852279668, SyncStart=3316852602543, IssueDrawCommandsStart=3316855750210, SwapBuffers=3316859564919, FrameCompleted=3316860765419, DequeueBufferDuration=233626, QueueBufferDuration=407459, GpuCompleted=0, 
2022-03-03 10:39:56.973 827-827/? W/HidlServiceManagement: Waited one second for android.hardware.radio@1.1::IRadio/slot1
2022-03-03 10:39:56.974 156-156/? I/hwservicemanager: Since android.hardware.radio@1.1::IRadio/slot1 is not registered, trying to start it as a lazy HAL.
2022-03-03 10:39:56.974 827-827/? I/HidlServiceManagement: getService: Trying again for android.hardware.radio@1.1::IRadio/slot1...
2022-03-03 10:39:57.025 181-965/? E/BufferQueueProducer: [com.android.documentsui/com.android.documentsui.picker.PickActivity#0](id:b500000019,api:0,p:-1,c:181) disconnect: not connected (req=1)
2022-03-03 10:39:57.025 5191-5231/com.android.documentsui W/libEGL: EGLNativeWindowType 0xb4000077a77a3440 disconnect failed
2022-03-03 10:39:57.975 827-827/? W/HidlServiceManagement: Waited one second for android.hardware.radio@1.1::IRadio/slot1
2022-03-03 10:39:57.976 156-156/? I/hwservicemanager: Since android.hardware.radio@1.1::IRadio/slot1 is not registered, trying to start it as a lazy HAL.
2022-03-03 10:39:57.979 827-827/? I/HidlServiceManagement: getService: Trying again for android.hardware.radio@1.1::IRadio/slot1...
2022-03-03 10:39:58.180 396-409/? E/RIL RILU: cannot find ttyname for AT Port
