2022-03-03 10:39:58.180 396-409/? D/RIL RILC: USB can't find at device
2022-03-03 10:39:58.514 450-791/? I/ActivityTaskManager: START u0 {act=android.intent.action.GET_CONTENT typ=image/* cmp=com.android.documentsui/.picker.PickActivity} from uid 10129
2022-03-03 10:39:58.515 253-5045/? D/AudioHardwareTiny: start_output_stream:864 out = 0xe88c04c0,device = 0x2,outputs[OUTPUT_HDMI_MULTI] = 0x0
2022-03-03 10:39:58.515 253-5045/? D/AudioHardwareTiny: card0 id:rockchiphdmi
2022-03-03 10:39:58.515 253-5045/? D/AudioHardwareTiny: HDMI card, got card=0,device=0
2022-03-03 10:39:58.515 253-5045/? D/AudioHardwareTiny: card1 id:rockchiprk809co
2022-03-03 10:39:58.515 253-5045/? D/AudioHardwareTiny: SPEAKER card, got card=1,device=0
2022-03-03 10:39:58.515 253-5045/? D/AudioHardwareTiny: No exist proc/asound/card2/id, break and finish parsing
2022-03-03 10:39:58.515 253-5045/? D/AudioHardwareTiny: dump out device info
2022-03-03 10:39:58.515 253-5045/? D/AudioHardwareTiny: dev_info SPEAKER  card=1, device:0
2022-03-03 10:39:58.515 253-5045/? D/AudioHardwareTiny: dev_info HDMI  card=0, device:0
2022-03-03 10:39:58.515 253-5045/? D/AudioHardwareTiny: out->Device     : 0x2
2022-03-03 10:39:58.515 253-5045/? D/AudioHardwareTiny: out->SampleRate : 44100
2022-03-03 10:39:58.515 253-5045/? D/AudioHardwareTiny: out->Channels   : 2
2022-03-03 10:39:58.515 253-5045/? D/AudioHardwareTiny: out->Formate    : 0
2022-03-03 10:39:58.515 253-5045/? D/AudioHardwareTiny: out->PreiodSize : 512
2022-03-03 10:39:58.515 253-5045/? D/alsa_route: route_info->sound_card 0, route_info->devices 0  
2022-03-03 10:39:58.515 253-5045/? D/alsa_route: route_set_controls() set route 0
2022-03-03 10:39:58.517 450-773/? I/system_server: oneway function results will be dropped but finished with status OK and parcel size 4
2022-03-03 10:39:58.518 450-773/? I/system_server: oneway function results will be dropped but finished with status OK and parcel size 4
2022-03-03 10:39:58.526 253-5045/? D/AudioHardwareTiny: start_output_stream:965, out = 0xe88c04c0
2022-03-03 10:39:58.539 450-791/? W/ActivityTaskManager: Tried to set launchTime (0) < mLastActivityLaunchTime (3313417)
2022-03-03 10:39:58.604 5191-5191/com.android.documentsui D/Documents: shouldRestrictStorageAccessFramework = false, packageName = com.example.facedemo
2022-03-03 10:39:58.605 5191-5191/com.android.documentsui D/PickActivity: Created new state object: State{action=5, acceptMimes=[image/*], allowMultiple=false, localOnly=false, stack=DocumentStack{root=null, docStack=[], stackTouched=false}, dirConfigs={}, excludedAuthorities=[], openableOnly=false, restrictScopeStorage=false, sortModel=SortModel{dimensions={16908304=SortDimension{id=16908304, labelId=2131755298, dataType=0, sortCapability=0, defaultSortDirection=1, sortDirection=0, visibility=4}, 16908310=SortDimension{id=16908310, labelId=2131755292, dataType=0, sortCapability=3, defaultSortDirection=1, sortDirection=0, visibility=0}, 2131296384=SortDimension{id=2131296384, labelId=2131755285, dataType=1, sortCapability=3, defaultSortDirection=2, sortDirection=0, visibility=0}, 2131296433=SortDimension{id=2131296433, labelId=2131755289, dataType=0, sortCapability=3, defaultSortDirection=1, sortDirection=0, visibility=0}, 2131296585=SortDimension{id=2131296585, labelId=2131755295, dataType=1, sortCapability=3, defaultSortDirection=1, sortDirection=0, visibility=0}}, defaultDimensionId=0, sortedDimension=null}}
2022-03-03 10:39:58.605 5191-5191/com.android.documentsui D/DrawerController: Calculated drawer width:320.0
2022-03-03 10:39:58.620 5191-5191/com.android.documentsui D/PickerActionHandler: Load last accessed stack.
2022-03-03 10:39:58.621 5191-5191/com.android.documentsui D/PickerActionHandler: Attempting to load last used stack for calling package.
2022-03-03 10:39:58.624 5191-5191/com.android.documentsui D/ProvidersAccess: Matched roots: [Root{userId=0, authority=null, rootId=null, title=最近, isUsb=false, isSd=false, isMtp=false} @ content:/root/null, Root{userId=0, authority=com.android.externalstorage.documents, rootId=primary, title=rk3568_r, isUsb=false, isSd=false, isMtp=false} @ content://com.android.externalstorage.documents/root/primary, Root{userId=0, authority=com.android.providers.downloads.documents, rootId=downloads, title=下载, isUsb=false, isSd=false, isMtp=false} @ content://com.android.providers.downloads.documents/root/downloads, Root{userId=0, authority=com.android.providers.media.documents, rootId=images_root, title=图片, isUsb=false, isSd=false, isMtp=false} @ content://com.android.providers.media.documents/root/images_root]
2022-03-03 10:39:58.641 5191-5191/com.android.documentsui D/DocumentStack: Resetting the whole darn stack to: DocumentStack{root=Root{userId=0, authority=com.android.externalstorage.documents, rootId=primary, title=rk3568_r, isUsb=false, isSd=false, isMtp=false} @ content://com.android.externalstorage.documents/root/primary, docStack=[DocumentInfo{docId=primary:, userId=0, name=0, mimeType=vnd.android.document/directory, isContainer=true, isDirectory=true, isArchive=false, isInArchive=false, isPartial=false, isVirtual=false, isDeleteSupported=true, isCreateSupported=true, isMoveSupported=true, isRenameSupported=true, isMetadataSupported=true, isBlockedFromTree=true} @ content://com.android.externalstorage.documents/document/primary%3A, DocumentInfo{docId=primary:DCIM, userId=0, name=DCIM, mimeType=vnd.android.document/directory, isContainer=true, isDirectory=true, isArchive=false, isInArchive=false, isPartial=false, isVirtual=false, isDeleteSupported=true, isCreateSupported=true, isMoveSupported=true, isRenameSupported=true, isMetadataSupported=true, isBlockedFromTree=false} @ content://com.android.externalstorage.documents/document/primary%3ADCIM], stackTouched=true}
2022-03-03 10:39:58.642 5191-5191/com.android.documentsui E/oid.documentsu: No package ID ff found for ID 0xffffffff.
2022-03-03 10:39:58.645 5191-5191/com.android.documentsui D/DirectoryFragment: Showing directory: content://com.android.externalstorage.documents/document/primary%3ADCIM
2022-03-03 10:39:58.645 5191-5191/com.android.documentsui D/DirectoryFragment: Creating new fragment for directory: content://com.android.externalstorage.documents/document/primary%3ADCIM
2022-03-03 10:39:58.653 5191-5191/com.android.documentsui W/SelectionTracker: Setting gestureTooltypes is likely to result in unexpected behavior.
2022-03-03 10:39:58.654 5191-5191/com.android.documentsui D/AbstractActionHandler: Creating new directory loader for: content://com.android.externalstorage.documents/document/primary%3ADCIM
2022-03-03 10:39:58.657 5191-5191/com.android.documentsui E/oid.documentsu: No package ID ff found for ID 0xffffffff.
2022-03-03 10:39:58.661 5191-6343/com.android.documentsui D/ProvidersAccess: Matched roots: [Root{userId=0, authority=null, rootId=null, title=最近, isUsb=false, isSd=false, isMtp=false} @ content:/root/null, Root{userId=0, authority=com.android.externalstorage.documents, rootId=primary, title=rk3568_r, isUsb=false, isSd=false, isMtp=false} @ content://com.android.externalstorage.documents/root/primary, Root{userId=0, authority=com.android.providers.downloads.documents, rootId=downloads, title=下载, isUsb=false, isSd=false, isMtp=false} @ content://com.android.providers.downloads.documents/root/downloads, Root{userId=0, authority=com.android.providers.media.documents, rootId=images_root, title=图片, isUsb=false, isSd=false, isMtp=false} @ content://com.android.providers.media.documents/root/images_root]
2022-03-03 10:39:58.670 5191-5191/com.android.documentsui E/oid.documentsu: No package ID ff found for ID 0xffffffff.
2022-03-03 10:39:58.686 5191-5259/com.android.documentsui D/Documents: Before filtering 9, after 6
2022-03-03 10:39:58.696 223-967/? D/gralloc4: [File] : hardware/rockchip/libgralloc/bifrost/src/hidl_common/Allocator.cpp; [Line] : 147; [Func] : allocate;
    got new private_handle_t instance @0xb400007e26f88770 for buffer 'com.android.documentsui/com.android.documentsui.picker.PickActivity#0'. share_fd : 8, share_attr_fd : 9, flags : 0x4, width : 800, height : 1280, req_format : 0x1, producer_usage : 0x40000000000b00, consumer_usage : 0x40000000000b00, internal_format : 0x0, stride : 0, byte_stride : 0, internalWidth : 0, internalHeight : 0, alloc_format : 0x100000001, size : 4160512, layer_count : 1, backing_store_size : 4160512, allocating_pid : 223, ref_count : 1, yuv_info : 0
2022-03-03 10:39:58.697 223-967/? D/gralloc4: plane_info[0]: offset : 0, byte_stride : 3200, alloc_width : 800, alloc_height : 1280
2022-03-03 10:39:58.697 223-967/? D/gralloc4: plane_info[1]: offset : 0, byte_stride : 0, alloc_width : 0, alloc_height : 0
2022-03-03 10:39:58.698 223-967/? D/gralloc4: [File] : hardware/rockchip/libgralloc/bifrost/src/hidl_common/Allocator.cpp; [Line] : 147; [Func] : allocate;
    got new private_handle_t instance @0xb400007e26f89070 for buffer 'com.android.documentsui/com.android.documentsui.picker.PickActivity#0'. share_fd : 8, share_attr_fd : 9, flags : 0x4, width : 800, height : 1280, req_format : 0x1, producer_usage : 0x40000000000b00, consumer_usage : 0x40000000000b00, internal_format : 0x0, stride : 0, byte_stride : 0, internalWidth : 0, internalHeight : 0, alloc_format : 0x100000001, size : 4160512, layer_count : 1, backing_store_size : 4160512, allocating_pid : 223, ref_count : 1, yuv_info : 0
2022-03-03 10:39:58.698 223-967/? D/gralloc4: plane_info[0]: offset : 0, byte_stride : 3200, alloc_width : 800, alloc_height : 1280
2022-03-03 10:39:58.698 223-967/? D/gralloc4: plane_info[1]: offset : 0, byte_stride : 0, alloc_width : 0, alloc_height : 0
2022-03-03 10:39:58.700 223-967/? D/gralloc4: [File] : hardware/rockchip/libgralloc/bifrost/src/hidl_common/Allocator.cpp; [Line] : 147; [Func] : allocate;
    got new private_handle_t instance @0xb400007e26f88770 for buffer 'com.android.documentsui/com.android.documentsui.picker.PickActivity#0'. share_fd : 8, share_attr_fd : 9, flags : 0x4, width : 800, height : 1280, req_format : 0x1, producer_usage : 0x40000000000b00, consumer_usage : 0x40000000000b00, internal_format : 0x0, stride : 0, byte_stride : 0, internalWidth : 0, internalHeight : 0, alloc_format : 0x100000001, size : 4160512, layer_count : 1, backing_store_size : 4160512, allocating_pid : 223, ref_count : 1, yuv_info : 0
2022-03-03 10:39:58.700 223-967/? D/gralloc4: plane_info[0]: offset : 0, byte_stride : 3200, alloc_width : 800, alloc_height : 1280
2022-03-03 10:39:58.700 223-967/? D/gralloc4: plane_info[1]: offset : 0, byte_stride : 0, alloc_width : 0, alloc_height : 0
2022-03-03 10:39:58.758 5191-5191/com.android.documentsui E/oid.documentsu: No package ID ff found for ID 0xffffffff.
2022-03-03 10:39:58.761 450-475/? I/ActivityTaskManager: Displayed com.android.documentsui/.picker.PickActivity: +237ms
2022-03-03 10:39:58.782 5191-5191/com.android.documentsui D/AbstractActionHandler: Loader has finished for: content://com.android.externalstorage.documents/document/primary%3ADCIM
2022-03-03 10:39:58.782 5191-5191/com.android.documentsui I/Model: Updating model with new result set.
2022-03-03 10:39:58.783 5191-5191/com.android.documentsui D/DirectoryFragment: Received model update. Loading=false
2022-03-03 10:39:58.783 301-379/? W/APM::AudioPolicyEngine: getDevicesForStrategy() unknown strategy: -1
2022-03-03 10:39:58.784 5191-6343/com.android.documentsui D/ProvidersAccess: Matched roots: [Root{userId=0, authority=null, rootId=null, title=最近, isUsb=false, isSd=false, isMtp=false} @ content:/root/null, Root{userId=0, authority=com.android.externalstorage.documents, rootId=primary, title=rk3568_r, isUsb=false, isSd=false, isMtp=false} @ content://com.android.externalstorage.documents/root/primary, Root{userId=0, authority=com.android.providers.downloads.documents, rootId=downloads, title=下载, isUsb=false, isSd=false, isMtp=false} @ content://com.android.providers.downloads.documents/root/downloads, Root{userId=0, authority=com.android.providers.media.documents, rootId=images_root, title=图片, isUsb=false, isSd=false, isMtp=false} @ content://com.android.providers.media.documents/root/images_root]
2022-03-03 10:39:58.784 450-773/? I/system_server: oneway function results will be dropped but finished with status OK and parcel size 4
2022-03-03 10:39:58.852 5191-5191/com.android.documentsui E/oid.documentsu: No package ID ff found for ID 0xffffffff.
2022-03-03 10:39:58.911 450-568/? V/ActivityTaskManager: getPackageFerformanceMode--ComponentInfo{com.android.documentsui/com.android.documentsui.picker.PickActivity}----com.android.documentsui
2022-03-03 10:39:58.961 181-446/? E/BufferQueueProducer: [com.example.facedemo/com.example.facedemo.MainActivity#0](id:b50000001a,api:0,p:-1,c:181) disconnect: not connected (req=1)
2022-03-03 10:39:58.961 5102-5136/com.example.facedemo W/libEGL: EGLNativeWindowType 0xf1b47e08 disconnect failed
2022-03-03 10:39:58.979 827-827/? W/HidlServiceManagement: Waited one second for android.hardware.radio@1.1::IRadio/slot1
2022-03-03 10:39:58.979 156-156/? I/hwservicemanager: Since android.hardware.radio@1.1::IRadio/slot1 is not registered, trying to start it as a lazy HAL.
2022-03-03 10:39:58.980 827-827/? I/HidlServiceManagement: getService: Trying again for android.hardware.radio@1.1::IRadio/slot1...
2022-03-03 10:39:59.891 5191-5191/com.android.documentsui D/QuickViewIntentBuilder: Preparing intent for doc:primary:DCIM/IMG_20220228_172325.jpg
2022-03-03 10:39:59.894 450-773/? I/ActivityTaskManager: START u0 {act=android.intent.action.VIEW dat=content://com.android.externalstorage.documents/document/primary:DCIM/IMG_20220228_172325.jpg typ=image/jpeg flg=0x20000003 cmp=com.android.gallery3d/.app.GalleryActivity} from uid 10067
2022-03-03 10:39:59.980 827-827/? W/HidlServiceManagement: Waited one second for android.hardware.radio@1.1::IRadio/slot1
2022-03-03 10:39:59.980 156-156/? I/hwservicemanager: Since android.hardware.radio@1.1::IRadio/slot1 is not registered, trying to start it as a lazy HAL.
2022-03-03 10:39:59.981 827-827/? I/HidlServiceManagement: getService: Trying again for android.hardware.radio@1.1::IRadio/slot1...
2022-03-03 10:40:00.003 597-597/com.android.systemui D/KeyguardClockSwitch: Updating clock: 上午10:40
2022-03-03 10:40:00.007 4964-4964/? I/droid.gallery3d: type=1400 audit(0.0:340): avc: denied { open } for path="/dev/__properties__/u:object_r:vendor_default_prop:s0" dev="tmpfs" ino=3018 scontext=u:r:untrusted_app_29:s0:c105,c256,c512,c768 tcontext=u:object_r:vendor_default_prop:s0 tclass=file permissive=1 app=com.android.gallery3d
2022-03-03 10:40:00.035 4964-4964/? V/StateManager: startState class com.android.gallery3d.app.SinglePhotoPage
2022-03-03 10:40:00.053 4964-4964/? D/TileImageView: TileImageView sTileSize=512
2022-03-03 10:40:00.080 4964-4964/? V/NFC: this device does not have NFC support
2022-03-03 10:40:00.121 277-319/? I/SensorsHal: set batch: handle = 0, period_ns = 200000000ns, timeout = 0ns
2022-03-03 10:40:00.121 277-319/? D/SensorsHal: Couldn't open /dev/mma8452_daemon (No such file or directory)
2022-03-03 10:40:00.121 277-319/? I/SensorsHal: MmaSensor update delay: 200ms
2022-03-03 10:40:00.121 277-319/? E/SensorsHal: fail to perform GSENSOR_IOCTL_APP_SET_RATE, result = -1, error is 'Bad file descriptor'
2022-03-03 10:40:00.121 450-773/? E/SensorService: sensor batch failed 0xb400007647876cd0 0x00000000 200000000 0 err=Operation not permitted
2022-03-03 10:40:00.155 4964-6345/? I/mali_so: [File] : hardware/rockchip/mali_so/driver/product/base/src/mali_base_kbase.c; [Line] : 1311; [Func] : base_context_deal_with_version_affairs_rk_ext;
    arm_release_ver of this mali_so is 'g2p0-01eac0', rk_so_ver is '8@0 '.
2022-03-03 10:40:00.155 4964-6345/? I/mali_so: [File] : hardware/rockchip/mali_so/driver/product/base/src/mali_base_kbase.c; [Line] : 1327; [Func] : base_context_deal_with_version_affairs_rk_ext;
    arm_release_vers are match. to set the full mali_ver 'g2p0-01eac0-x-8@0' as value of 'sys.gmali.version'.
2022-03-03 10:40:00.158 181-196/? W/ServiceManager: Permission failure: android.permission.ACCESS_SURFACE_FLINGER from uid=10105 pid=4964
2022-03-03 10:40:00.158 181-196/? D/PermissionCache: checking android.permission.ACCESS_SURFACE_FLINGER for uid=10105 => denied (745 us)
2022-03-03 10:40:00.153 4964-4964/? I/RenderThread: type=1400 audit(0.0:343): avc: denied { write } for name="property_service" dev="tmpfs" ino=969 scontext=u:r:untrusted_app_29:s0:c105,c256,c512,c768 tcontext=u:object_r:property_socket:s0 tclass=sock_file permissive=1 app=com.android.gallery3d
2022-03-03 10:40:00.163 4964-4964/? D/GLSurfaceView: surface set framrate 30
2022-03-03 10:40:00.183 156-156/? I/hwservicemanager: getTransport: Cannot find entry android.hardware.configstore@1.0::ISurfaceFlingerConfigs/default in either framework or device manifest.
2022-03-03 10:40:00.234 4964-6349/? I/GLRootView: onSurfaceChanged: 800x1208, gl10: com.google.android.gles_jni.GLImpl@aa237c6
2022-03-03 10:40:00.234 4964-6349/? I/GLRootView: layout content pane 800x1208 (compensation 0)
2022-03-03 10:40:00.235 4964-6349/? D/PhotoView: compensation = 0, CameraRelativeFrame = Rect(0, 0 - 0, 0), mCameraRect = Rect(0, 0 - 0, 0)
2022-03-03 10:40:00.236 223-967/? D/gralloc4: [File] : hardware/rockchip/libgralloc/bifrost/src/hidl_common/Allocator.cpp; [Line] : 147; [Func] : allocate;
    got new private_handle_t instance @0xb400007e26f89070 for buffer 'com.android.gallery3d/com.android.gallery3d.app.GalleryActivity#0'. share_fd : 8, share_attr_fd : 10, flags : 0x4, width : 800, height : 1280, req_format : 0x1, producer_usage : 0x40000000000b00, consumer_usage : 0x40000000000b00, internal_format : 0x0, stride : 0, byte_stride : 0, internalWidth : 0, internalHeight : 0, alloc_format : 0x100000001, size : 4160512, layer_count : 1, backing_store_size : 4160512, allocating_pid : 223, ref_count : 1, yuv_info : 0
2022-03-03 10:40:00.236 223-967/? D/gralloc4: plane_info[0]: offset : 0, byte_stride : 3200, alloc_width : 800, alloc_height : 1280
2022-03-03 10:40:00.236 223-967/? D/gralloc4: plane_info[1]: offset : 0, byte_stride : 0, alloc_width : 0, alloc_height : 0
2022-03-03 10:40:00.236 223-227/? D/gralloc4: [File] : hardware/rockchip/libgralloc/bifrost/src/hidl_common/Allocator.cpp; [Line] : 147; [Func] : allocate;
    got new private_handle_t instance @0xb400007e26f86010 for buffer 'SurfaceView - com.android.gallery3d/com.android.gallery3d.app.GalleryActivity#0'. share_fd : 9, share_attr_fd : 11, flags : 0x4, width : 800, height : 1208, req_format : 0x1, producer_usage : 0x40000000000b00, consumer_usage : 0x40000000000b00, internal_format : 0x0, stride : 0, byte_stride : 0, internalWidth : 0, internalHeight : 0, alloc_format : 0x100000001, size : 3952640, layer_count : 1, backing_store_size : 3952640, allocating_pid : 223, ref_count : 1, yuv_info : 0
2022-03-03 10:40:00.237 223-227/? D/gralloc4: plane_info[0]: offset : 0, byte_stride : 3200, alloc_width : 800, alloc_height : 1216
2022-03-03 10:40:00.237 223-227/? D/gralloc4: plane_info[1]: offset : 0, byte_stride : 0, alloc_width : 0, alloc_height : 0
2022-03-03 10:40:00.294 223-227/? D/gralloc4: [File] : hardware/rockchip/libgralloc/bifrost/src/hidl_common/Allocator.cpp; [Line] : 147; [Func] : allocate;
    got new private_handle_t instance @0xb400007e26f89a90 for buffer 'SurfaceView - com.android.gallery3d/com.android.gallery3d.app.GalleryActivity#0'. share_fd : 8, share_attr_fd : 9, flags : 0x4, width : 800, height : 1208, req_format : 0x1, producer_usage : 0x40000000000b00, consumer_usage : 0x40000000000b00, internal_format : 0x0, stride : 0, byte_stride : 0, internalWidth : 0, internalHeight : 0, alloc_format : 0x100000001, size : 3952640, layer_count : 1, backing_store_size : 3952640, allocating_pid : 223, ref_count : 1, yuv_info : 0
2022-03-03 10:40:00.295 223-227/? D/gralloc4: plane_info[0]: offset : 0, byte_stride : 3200, alloc_width : 800, alloc_height : 1216
2022-03-03 10:40:00.295 223-227/? D/gralloc4: plane_info[1]: offset : 0, byte_stride : 0, alloc_width : 0, alloc_height : 0
2022-03-03 10:40:00.315 223-227/? D/gralloc4: [File] : hardware/rockchip/libgralloc/bifrost/src/hidl_common/Allocator.cpp; [Line] : 147; [Func] : allocate;
    got new private_handle_t instance @0xb400007e26f86010 for buffer 'SurfaceView - com.android.gallery3d/com.android.gallery3d.app.GalleryActivity#0'. share_fd : 8, share_attr_fd : 9, flags : 0x4, width : 800, height : 1208, req_format : 0x1, producer_usage : 0x40000000000b00, consumer_usage : 0x40000000000b00, internal_format : 0x0, stride : 0, byte_stride : 0, internalWidth : 0, internalHeight : 0, alloc_format : 0x100000001, size : 3952640, layer_count : 1, backing_store_size : 3952640, allocating_pid : 223, ref_count : 1, yuv_info : 0
2022-03-03 10:40:00.315 223-227/? D/gralloc4: plane_info[0]: offset : 0, byte_stride : 3200, alloc_width : 800, alloc_height : 1216
2022-03-03 10:40:00.315 223-227/? D/gralloc4: plane_info[1]: offset : 0, byte_stride : 0, alloc_width : 0, alloc_height : 0
2022-03-03 10:40:00.325 223-227/? D/gralloc4: [File] : hardware/rockchip/libgralloc/bifrost/src/hidl_common/Allocator.cpp; [Line] : 147; [Func] : allocate;
    got new private_handle_t instance @0xb400007e26f89a90 for buffer 'com.android.gallery3d/com.android.gallery3d.app.GalleryActivity#0'. share_fd : 8, share_attr_fd : 9, flags : 0x4, width : 800, height : 1280, req_format : 0x1, producer_usage : 0x40000000000b00, consumer_usage : 0x40000000000b00, internal_format : 0x0, stride : 0, byte_stride : 0, internalWidth : 0, internalHeight : 0, alloc_format : 0x100000001, size : 4160512, layer_count : 1, backing_store_size : 4160512, allocating_pid : 223, ref_count : 1, yuv_info : 0
2022-03-03 10:40:00.325 223-227/? D/gralloc4: plane_info[0]: offset : 0, byte_stride : 3200, alloc_width : 800, alloc_height : 1280
2022-03-03 10:40:00.325 223-227/? D/gralloc4: plane_info[1]: offset : 0, byte_stride : 0, alloc_width : 0, alloc_height : 0
2022-03-03 10:40:00.343 450-475/? I/ActivityTaskManager: Displayed com.android.gallery3d/.app.GalleryActivity: +436ms
2022-03-03 10:40:00.354 450-568/? V/ActivityTaskManager: getPackageFerformanceMode--ComponentInfo{com.android.gallery3d/com.android.gallery3d.app.GalleryActivity}----com.android.gallery3d
2022-03-03 10:40:00.561 181-922/? E/BufferQueueProducer: [com.android.documentsui/com.android.documentsui.picker.PickActivity#0](id:b50000001b,api:0,p:-1,c:181) disconnect: not connected (req=1)
2022-03-03 10:40:00.562 5191-5231/com.android.documentsui W/libEGL: EGLNativeWindowType 0xb4000077a77a3440 disconnect failed
2022-03-03 10:40:00.633 450-1134/? E/TaskPersister: File error accessing recents directory (directory doesn't exist?).
2022-03-03 10:40:00.981 827-827/? W/HidlServiceManagement: Waited one second for android.hardware.radio@1.1::IRadio/slot1
2022-03-03 10:40:00.982 156-156/? I/hwservicemanager: Since android.hardware.radio@1.1::IRadio/slot1 is not registered, trying to start it as a lazy HAL.
2022-03-03 10:40:00.983 827-827/? I/HidlServiceManagement: getService: Trying again for android.hardware.radio@1.1::IRadio/slot1...
2022-03-03 10:40:01.185 396-409/? E/RIL RILU: cannot find ttyname for AT Port
2022-03-03 10:40:01.186 396-409/? D/RIL RILC: USB can't find at device
2022-03-03 10:40:01.663 253-390/? D/AudioHardwareTiny: do_out_standby,out = 0xe88c04c0,device = 0x2
2022-03-03 10:40:01.672 253-390/? D/alsa_route: route_set_controls() set route 24
2022-03-03 10:40:01.683 253-390/? D/AudioHardwareTiny: close device
2022-03-03 10:40:01.686 450-773/? I/system_server: oneway function results will be dropped but finished with status OK and parcel size 4
2022-03-03 10:40:01.983 827-827/? W/HidlServiceManagement: Waited one second for android.hardware.radio@1.1::IRadio/slot1
2022-03-03 10:40:01.984 156-156/? I/hwservicemanager: Since android.hardware.radio@1.1::IRadio/slot1 is not registered, trying to start it as a lazy HAL.
2022-03-03 10:40:01.985 827-827/? I/HidlServiceManagement: getService: Trying again for android.hardware.radio@1.1::IRadio/slot1...
2022-03-03 10:40:02.656 253-5045/? D/AudioHardwareTiny: start_output_stream:864 out = 0xe88c04c0,device = 0x2,outputs[OUTPUT_HDMI_MULTI] = 0x0
2022-03-03 10:40:02.656 450-773/? I/system_server: oneway function results will be dropped but finished with status OK and parcel size 4
2022-03-03 10:40:02.656 253-5045/? D/AudioHardwareTiny: card0 id:rockchiphdmi
2022-03-03 10:40:02.656 253-5045/? D/AudioHardwareTiny: HDMI card, got card=0,device=0
2022-03-03 10:40:02.656 253-5045/? D/AudioHardwareTiny: card1 id:rockchiprk809co
2022-03-03 10:40:02.656 253-5045/? D/AudioHardwareTiny: SPEAKER card, got card=1,device=0
2022-03-03 10:40:02.656 253-5045/? D/AudioHardwareTiny: No exist proc/asound/card2/id, break and finish parsing
2022-03-03 10:40:02.656 253-5045/? D/AudioHardwareTiny: dump out device info
2022-03-03 10:40:02.656 253-5045/? D/AudioHardwareTiny: dev_info SPEAKER  card=1, device:0
2022-03-03 10:40:02.656 253-5045/? D/AudioHardwareTiny: dev_info HDMI  card=0, device:0
2022-03-03 10:40:02.656 253-5045/? D/AudioHardwareTiny: out->Device     : 0x2
2022-03-03 10:40:02.656 253-5045/? D/AudioHardwareTiny: out->SampleRate : 44100
2022-03-03 10:40:02.656 253-5045/? D/AudioHardwareTiny: out->Channels   : 2
2022-03-03 10:40:02.656 253-5045/? D/AudioHardwareTiny: out->Formate    : 0
2022-03-03 10:40:02.656 253-5045/? D/AudioHardwareTiny: out->PreiodSize : 512
2022-03-03 10:40:02.656 253-5045/? D/alsa_route: route_info->sound_card 0, route_info->devices 0  
2022-03-03 10:40:02.657 253-5045/? D/alsa_route: route_set_controls() set route 0
2022-03-03 10:40:02.657 450-773/? I/system_server: oneway function results will be dropped but finished with status OK and parcel size 4
2022-03-03 10:40:02.666 253-5045/? D/AudioHardwareTiny: start_output_stream:965, out = 0xe88c04c0
2022-03-03 10:40:02.780 4964-4964/? D/PhotoPage: =========================================KeyCode=25
2022-03-03 10:40:02.782 450-791/? D/MediaSessionService: dispatchVolumeKeyEvent, pkg=com.android.gallery3d, opPkg=com.android.gallery3d, pid=4964, uid=10105, asSystem=true, event=KeyEvent { action=ACTION_DOWN, keyCode=KEYCODE_VOLUME_DOWN, scanCode=0, metaState=0, flags=0x48, repeatCount=0, eventTime=3322682, downTime=3322682, deviceId=-1, source=0x101, displayId=0 }, stream=-2147483648, musicOnly=false
2022-03-03 10:40:02.782 450-791/? D/MediaSessionService: Adjusting suggestedStream=-2147483648 by -1. flags=4113, preferSuggestedStream=false, session=null
2022-03-03 10:40:02.784 450-519/? D/InputDispatcher: Waiting to send key to Window{6d94c99 u0 com.android.gallery3d/com.android.gallery3d.app.GalleryActivity} because there are unprocessed events that may cause focus to change
2022-03-03 10:40:02.787 450-791/? D/MediaSessionService: dispatchVolumeKeyEvent, pkg=com.android.gallery3d, opPkg=com.android.gallery3d, pid=4964, uid=10105, asSystem=true, event=KeyEvent { action=ACTION_UP, keyCode=KEYCODE_VOLUME_DOWN, scanCode=0, metaState=0, flags=0x48, repeatCount=0, eventTime=3322850, downTime=3322682, deviceId=-1, source=0x101, displayId=0 }, stream=-2147483648, musicOnly=false
2022-03-03 10:40:02.787 450-791/? D/MediaSessionService: Adjusting suggestedStream=-2147483648 by 0. flags=4116, preferSuggestedStream=false, session=null
2022-03-03 10:40:02.798 597-995/com.android.systemui I/vol.Events: writeEvent active_stream_changed STREAM_MUSIC
2022-03-03 10:40:02.803 597-995/com.android.systemui I/vol.Events: writeEvent key STREAM_MUSIC 6
2022-03-03 10:40:02.845 597-597/com.android.systemui I/vol.Events: writeEvent show_dialog volume_changed keyguard=false
2022-03-03 10:40:02.867 223-227/? D/gralloc4: [File] : hardware/rockchip/libgralloc/bifrost/src/hidl_common/Allocator.cpp; [Line] : 147; [Func] : allocate;
    got new private_handle_t instance @0xb400007e26f86010 for buffer 'VolumeDialogImpl#0'. share_fd : 8, share_attr_fd : 9, flags : 0x4, width : 88, height : 408, req_format : 0x1, producer_usage : 0x40000000000b00, consumer_usage : 0x40000000000b00, internal_format : 0x0, stride : 0, byte_stride : 0, internalWidth : 0, internalHeight : 0, alloc_format : 0x1, size : 156672, layer_count : 1, backing_store_size : 156672, allocating_pid : 223, ref_count : 1, yuv_info : 0
2022-03-03 10:40:02.867 223-227/? D/gralloc4: plane_info[0]: offset : 0, byte_stride : 384, alloc_width : 88, alloc_height : 408
2022-03-03 10:40:02.867 223-227/? D/gralloc4: plane_info[1]: offset : 0, byte_stride : 0, alloc_width : 0, alloc_height : 0
2022-03-03 10:40:02.867 223-227/? D/gralloc4: [File] : hardware/rockchip/libgralloc/bifrost/src/hidl_common/Allocator.cpp; [Line] : 147; [Func] : allocate;
    got new private_handle_t instance @0xb400007e26f89a90 for buffer 'VolumeDialogImpl#0'. share_fd : 8, share_attr_fd : 9, flags : 0x4, width : 88, height : 408, req_format : 0x1, producer_usage : 0x40000000000b00, consumer_usage : 0x40000000000b00, internal_format : 0x0, stride : 0, byte_stride : 0, internalWidth : 0, internalHeight : 0, alloc_format : 0x1, size : 156672, layer_count : 1, backing_store_size : 156672, allocating_pid : 223, ref_count : 1, yuv_info : 0
2022-03-03 10:40:02.867 223-227/? D/gralloc4: plane_info[0]: offset : 0, byte_stride : 384, alloc_width : 88, alloc_height : 408
2022-03-03 10:40:02.867 223-227/? D/gralloc4: plane_info[1]: offset : 0, byte_stride : 0, alloc_width : 0, alloc_height : 0
2022-03-03 10:40:02.869 223-227/? D/gralloc4: [File] : hardware/rockchip/libgralloc/bifrost/src/hidl_common/Allocator.cpp; [Line] : 147; [Func] : allocate;
    got new private_handle_t instance @0xb400007e26f86010 for buffer 'VolumeDialogImpl#0'. share_fd : 8, share_attr_fd : 9, flags : 0x4, width : 88, height : 408, req_format : 0x1, producer_usage : 0x40000000000b00, consumer_usage : 0x40000000000b00, internal_format : 0x0, stride : 0, byte_stride : 0, internalWidth : 0, internalHeight : 0, alloc_format : 0x1, size : 156672, layer_count : 1, backing_store_size : 156672, allocating_pid : 223, ref_count : 1, yuv_info : 0
2022-03-03 10:40:02.869 223-227/? D/gralloc4: plane_info[0]: offset : 0, byte_stride : 384, alloc_width : 88, alloc_height : 408
2022-03-03 10:40:02.869 223-227/? D/gralloc4: plane_info[1]: offset : 0, byte_stride : 0, alloc_width : 0, alloc_height : 0
2022-03-03 10:40:02.884 450-471/? E/system_server: No package ID ff found for ID 0xffffffff.
2022-03-03 10:40:02.898 181-965/? E/BufferQueueProducer: [VolumeDialogImpl#0](id:b50000001e,api:0,p:-1,c:181) disconnect: not connected (req=1)
2022-03-03 10:40:02.898 597-1042/com.android.systemui W/libEGL: EGLNativeWindowType 0xb4000077a79d98e0 disconnect failed
2022-03-03 10:40:02.901 223-227/? D/gralloc4: [File] : hardware/rockchip/libgralloc/bifrost/src/hidl_common/Allocator.cpp; [Line] : 147; [Func] : allocate;
    got new private_handle_t instance @0xb400007e26f89a90 for buffer 'VolumeDialogImpl#0'. share_fd : 8, share_attr_fd : 9, flags : 0x4, width : 88, height : 340, req_format : 0x1, producer_usage : 0x40000000000b00, consumer_usage : 0x40000000000b00, internal_format : 0x0, stride : 0, byte_stride : 0, internalWidth : 0, internalHeight : 0, alloc_format : 0x1, size : 130560, layer_count : 1, backing_store_size : 130560, allocating_pid : 223, ref_count : 1, yuv_info : 0
2022-03-03 10:40:02.901 223-227/? D/gralloc4: plane_info[0]: offset : 0, byte_stride : 384, alloc_width : 88, alloc_height : 340
2022-03-03 10:40:02.901 223-227/? D/gralloc4: plane_info[1]: offset : 0, byte_stride : 0, alloc_width : 0, alloc_height : 0
2022-03-03 10:40:02.907 301-379/? W/APM::AudioPolicyEngine: getDevicesForStrategy() unknown strategy: -1
2022-03-03 10:40:02.908 450-791/? I/system_server: oneway function results will be dropped but finished with status OK and parcel size 4
2022-03-03 10:40:02.914 223-227/? D/gralloc4: [File] : hardware/rockchip/libgralloc/bifrost/src/hidl_common/Allocator.cpp; [Line] : 147; [Func] : allocate;
    got new private_handle_t instance @0xb400007e26f86010 for buffer 'VolumeDialogImpl#0'. share_fd : 8, share_attr_fd : 9, flags : 0x4, width : 88, height : 340, req_format : 0x1, producer_usage : 0x40000000000b00, consumer_usage : 0x40000000000b00, internal_format : 0x0, stride : 0, byte_stride : 0, internalWidth : 0, internalHeight : 0, alloc_format : 0x1, size : 130560, layer_count : 1, backing_store_size : 130560, allocating_pid : 223, ref_count : 1, yuv_info : 0
2022-03-03 10:40:02.914 223-227/? D/gralloc4: plane_info[0]: offset : 0, byte_stride : 384, alloc_width : 88, alloc_height : 340
2022-03-03 10:40:02.914 223-227/? D/gralloc4: plane_info[1]: offset : 0, byte_stride : 0, alloc_width : 0, alloc_height : 0
2022-03-03 10:40:02.926 181-922/? E/BufferQueueProducer: [VolumeDialogImpl#0](id:b50000001e,api:0,p:-1,c:181) disconnect: not connected (req=1)
2022-03-03 10:40:02.926 597-1042/com.android.systemui W/libEGL: EGLNativeWindowType 0xb4000077a79d98e0 disconnect failed
2022-03-03 10:40:02.931 223-227/? D/gralloc4: [File] : hardware/rockchip/libgralloc/bifrost/src/hidl_common/Allocator.cpp; [Line] : 147; [Func] : allocate;
    got new private_handle_t instance @0xb400007e26f89a90 for buffer 'VolumeDialogImpl#0'. share_fd : 8, share_attr_fd : 9, flags : 0x4, width : 88, height : 340, req_format : 0x1, producer_usage : 0x40000000000b00, consumer_usage : 0x40000000000b00, internal_format : 0x0, stride : 0, byte_stride : 0, internalWidth : 0, internalHeight : 0, alloc_format : 0x1, size : 130560, layer_count : 1, backing_store_size : 130560, allocating_pid : 223, ref_count : 1, yuv_info : 0
2022-03-03 10:40:02.931 223-227/? D/gralloc4: plane_info[0]: offset : 0, byte_stride : 384, alloc_width : 88, alloc_height : 340
2022-03-03 10:40:02.931 223-227/? D/gralloc4: plane_info[1]: offset : 0, byte_stride : 0, alloc_width : 0, alloc_height : 0
2022-03-03 10:40:02.939 223-227/? D/gralloc4: [File] : hardware/rockchip/libgralloc/bifrost/src/hidl_common/Allocator.cpp; [Line] : 147; [Func] : allocate;
    got new private_handle_t instance @0xb400007e26f86010 for buffer 'VolumeDialogImpl#0'. share_fd : 8, share_attr_fd : 9, flags : 0x4, width : 88, height : 340, req_format : 0x1, producer_usage : 0x40000000000b00, consumer_usage : 0x40000000000b00, internal_format : 0x0, stride : 0, byte_stride : 0, internalWidth : 0, internalHeight : 0, alloc_format : 0x1, size : 130560, layer_count : 1, backing_store_size : 130560, allocating_pid : 223, ref_count : 1, yuv_info : 0
2022-03-03 10:40:02.939 223-227/? D/gralloc4: plane_info[0]: offset : 0, byte_stride : 384, alloc_width : 88, alloc_height : 340
2022-03-03 10:40:02.939 223-227/? D/gralloc4: plane_info[1]: offset : 0, byte_stride : 0, alloc_width : 0, alloc_height : 0
2022-03-03 10:40:02.956 223-227/? D/gralloc4: [File] : hardware/rockchip/libgralloc/bifrost/src/hidl_common/Allocator.cpp; [Line] : 147; [Func] : allocate;
    got new private_handle_t instance @0xb400007e26f89a90 for buffer 'VolumeDialogImpl#0'. share_fd : 8, share_attr_fd : 9, flags : 0x4, width : 88, height : 340, req_format : 0x1, producer_usage : 0x40000000000b00, consumer_usage : 0x40000000000b00, internal_format : 0x0, stride : 0, byte_stride : 0, internalWidth : 0, internalHeight : 0, alloc_format : 0x1, size : 130560, layer_count : 1, backing_store_size : 130560, allocating_pid : 223, ref_count : 1, yuv_info : 0
2022-03-03 10:40:02.956 223-227/? D/gralloc4: plane_info[0]: offset : 0, byte_stride : 384, alloc_width : 88, alloc_height : 340
2022-03-03 10:40:02.956 223-227/? D/gralloc4: plane_info[1]: offset : 0, byte_stride : 0, alloc_width : 0, alloc_height : 0
2022-03-03 10:40:02.986 827-827/? W/HidlServiceManagement: Waited one second for android.hardware.radio@1.1::IRadio/slot1
2022-03-03 10:40:02.986 156-156/? I/hwservicemanager: Since android.hardware.radio@1.1::IRadio/slot1 is not registered, trying to start it as a lazy HAL.
2022-03-03 10:40:02.987 827-827/? I/HidlServiceManagement: getService: Trying again for android.hardware.radio@1.1::IRadio/slot1...
2022-03-03 10:40:03.846 597-597/com.android.systemui I/KeyButtonView: Back button event: ACTION_DOWN
2022-03-03 10:40:03.848 450-519/? D/InputDispatcher: Waiting to send key to Window{6d94c99 u0 com.android.gallery3d/com.android.gallery3d.app.GalleryActivity} because there are unprocessed events that may cause focus to change
2022-03-03 10:40:03.853 223-227/? D/gralloc4: [File] : hardware/rockchip/libgralloc/bifrost/src/hidl_common/Allocator.cpp; [Line] : 147; [Func] : allocate;
    got new private_handle_t instance @0xb400007e26f86010 for buffer 'screenshot'. share_fd : 8, share_attr_fd : 9, flags : 0x4, width : 800, height : 1280, req_format : 0x1, producer_usage : 0x333, consumer_usage : 0x333, internal_format : 0x0, stride : 800, byte_stride : 0, internalWidth : 0, internalHeight : 0, alloc_format : 0x1, size : 4096000, layer_count : 1, backing_store_size : 4096000, allocating_pid : 223, ref_count : 1, yuv_info : 0
2022-03-03 10:40:03.853 223-227/? D/gralloc4: plane_info[0]: offset : 0, byte_stride : 3200, alloc_width : 800, alloc_height : 1280
2022-03-03 10:40:03.853 223-227/? D/gralloc4: plane_info[1]: offset : 0, byte_stride : 0, alloc_width : 0, alloc_height : 0
2022-03-03 10:40:03.859 450-773/? I/system_server: oneway function results will be dropped but finished with status OK and parcel size 4
2022-03-03 10:40:03.872 4964-4964/? V/StateManager: no more state, finish activity
2022-03-03 10:40:03.872 4964-4964/? V/StateManager: finishState com.android.gallery3d.app.SinglePhotoPage@c4f4c81
2022-03-03 10:40:03.874 4964-4964/? I/GifTextrueFactory: freezeAllGif
2022-03-03 10:40:03.878 181-965/? E/BufferQueueProducer: [SurfaceView - com.android.gallery3d/com.android.gallery3d.app.GalleryActivity#0](id:b50000001d,api:0,p:-1,c:181) disconnect: not connected (req=1)
2022-03-03 10:40:03.878 4964-6349/? W/libEGL: EGLNativeWindowType 0x77a77c5540 disconnect failed
2022-03-03 10:40:03.911 4964-4964/? W/ViewRootImpl[GalleryActivity]: Cancelling event due to no window focus: KeyEvent { action=ACTION_UP, keyCode=KEYCODE_BACK, scanCode=0, metaState=0, flags=0x68, repeatCount=0, eventTime=3323975, downTime=3323914, deviceId=-1, source=0x101, displayId=0 }
2022-03-03 10:40:03.915 5191-5191/com.android.documentsui E/oid.documentsu: No package ID ff found for ID 0xffffffff.
2022-03-03 10:40:03.919 5191-5191/com.android.documentsui D/AbstractActionHandler: Loader has finished for: content://com.android.externalstorage.documents/document/primary%3ADCIM
2022-03-03 10:40:03.919 5191-5191/com.android.documentsui I/Model: Updating model with new result set.
2022-03-03 10:40:03.919 5191-5191/com.android.documentsui D/DirectoryFragment: Received model update. Loading=false
2022-03-03 10:40:03.928 5191-6369/com.android.documentsui D/ProvidersAccess: Matched roots: [Root{userId=0, authority=null, rootId=null, title=最近, isUsb=false, isSd=false, isMtp=false} @ content:/root/null, Root{userId=0, authority=com.android.externalstorage.documents, rootId=primary, title=rk3568_r, isUsb=false, isSd=false, isMtp=false} @ content://com.android.externalstorage.documents/root/primary, Root{userId=0, authority=com.android.providers.downloads.documents, rootId=downloads, title=下载, isUsb=false, isSd=false, isMtp=false} @ content://com.android.providers.downloads.documents/root/downloads, Root{userId=0, authority=com.android.providers.media.documents, rootId=images_root, title=图片, isUsb=false, isSd=false, isMtp=false} @ content://com.android.providers.media.documents/root/images_root]
2022-03-03 10:40:03.987 827-827/? W/HidlServiceManagement: Waited one second for android.hardware.radio@1.1::IRadio/slot1
2022-03-03 10:40:03.988 156-156/? I/hwservicemanager: Since android.hardware.radio@1.1::IRadio/slot1 is not registered, trying to start it as a lazy HAL.
2022-03-03 10:40:03.988 827-827/? I/HidlServiceManagement: getService: Trying again for android.hardware.radio@1.1::IRadio/slot1...
2022-03-03 10:40:03.997 5102-5118/com.example.facedemo W/System: A resource failed to call close. 
2022-03-03 10:40:04.013 5102-5118/com.example.facedemo I/chatty: uid=10129(com.example.facedemo) FinalizerDaemon identical 6 lines
2022-03-03 10:40:04.014 5102-5118/com.example.facedemo W/System: A resource failed to call close. 
2022-03-03 10:40:04.019 5191-5191/com.android.documentsui E/oid.documentsu: No package ID ff found for ID 0xffffffff.
2022-03-03 10:40:04.029 597-613/com.android.systemui I/ndroid.systemu: NativeAlloc concurrent copying GC freed 13077(556KB) AllocSpace objects, 0(0B) LOS objects, 49% free, 6670KB/13MB, paused 102us total 153.715ms
2022-03-03 10:40:04.041 223-227/? D/gralloc4: [File] : hardware/rockchip/libgralloc/bifrost/src/hidl_common/Allocator.cpp; [Line] : 147; [Func] : allocate;
    got new private_handle_t instance @0xb400007e26f89a90 for buffer 'com.android.documentsui/com.android.documentsui.picker.PickActivity#0'. share_fd : 8, share_attr_fd : 9, flags : 0x4, width : 800, height : 1280, req_format : 0x1, producer_usage : 0x40000000000b00, consumer_usage : 0x40000000000b00, internal_format : 0x0, stride : 0, byte_stride : 0, internalWidth : 0, internalHeight : 0, alloc_format : 0x100000001, size : 4160512, layer_count : 1, backing_store_size : 4160512, allocating_pid : 223, ref_count : 1, yuv_info : 0
2022-03-03 10:40:04.042 223-227/? D/gralloc4: plane_info[0]: offset : 0, byte_stride : 3200, alloc_width : 800, alloc_height : 1280
2022-03-03 10:40:04.042 223-227/? D/gralloc4: plane_info[1]: offset : 0, byte_stride : 0, alloc_width : 0, alloc_height : 0
2022-03-03 10:40:04.045 223-227/? D/gralloc4: [File] : hardware/rockchip/libgralloc/bifrost/src/hidl_common/Allocator.cpp; [Line] : 147; [Func] : allocate;
    got new private_handle_t instance @0xb400007e26f86010 for buffer 'com.android.documentsui/com.android.documentsui.picker.PickActivity#0'. share_fd : 8, share_attr_fd : 9, flags : 0x4, width : 800, height : 1280, req_format : 0x1, producer_usage : 0x40000000000b00, consumer_usage : 0x40000000000b00, internal_format : 0x0, stride : 0, byte_stride : 0, internalWidth : 0, internalHeight : 0, alloc_format : 0x100000001, size : 4160512, layer_count : 1, backing_store_size : 4160512, allocating_pid : 223, ref_count : 1, yuv_info : 0
2022-03-03 10:40:04.045 223-227/? D/gralloc4: plane_info[0]: offset : 0, byte_stride : 3200, alloc_width : 800, alloc_height : 1280
2022-03-03 10:40:04.045 223-227/? D/gralloc4: plane_info[1]: offset : 0, byte_stride : 0, alloc_width : 0, alloc_height : 0
2022-03-03 10:40:04.050 223-227/? D/gralloc4: [File] : hardware/rockchip/libgralloc/bifrost/src/hidl_common/Allocator.cpp; [Line] : 147; [Func] : allocate;
    got new private_handle_t instance @0xb400007e26f89a90 for buffer 'com.android.documentsui/com.android.documentsui.picker.PickActivity#0'. share_fd : 8, share_attr_fd : 9, flags : 0x4, width : 800, height : 1280, req_format : 0x1, producer_usage : 0x40000000000b00, consumer_usage : 0x40000000000b00, internal_format : 0x0, stride : 0, byte_stride : 0, internalWidth : 0, internalHeight : 0, alloc_format : 0x100000001, size : 4160512, layer_count : 1, backing_store_size : 4160512, allocating_pid : 223, ref_count : 1, yuv_info : 0
2022-03-03 10:40:04.050 223-227/? D/gralloc4: plane_info[0]: offset : 0, byte_stride : 3200, alloc_width : 800, alloc_height : 1280
2022-03-03 10:40:04.050 223-227/? D/gralloc4: plane_info[1]: offset : 0, byte_stride : 0, alloc_width : 0, alloc_height : 0
2022-03-03 10:40:04.083 5191-6369/com.android.documentsui D/ProvidersAccess: Matched roots: [Root{userId=0, authority=null, rootId=null, title=最近, isUsb=false, isSd=false, isMtp=false} @ content:/root/null, Root{userId=0, authority=com.android.externalstorage.documents, rootId=primary, title=rk3568_r, isUsb=false, isSd=false, isMtp=false} @ content://com.android.externalstorage.documents/root/primary, Root{userId=0, authority=com.android.providers.downloads.documents, rootId=downloads, title=下载, isUsb=false, isSd=false, isMtp=false} @ content://com.android.providers.downloads.documents/root/downloads, Root{userId=0, authority=com.android.providers.media.documents, rootId=images_root, title=图片, isUsb=false, isSd=false, isMtp=false} @ content://com.android.providers.media.documents/root/images_root]
2022-03-03 10:40:04.091 301-379/? W/APM::AudioPolicyEngine: getDevicesForStrategy() unknown strategy: -1
2022-03-03 10:40:04.092 450-786/? I/system_server: oneway function results will be dropped but finished with status OK and parcel size 4
2022-03-03 10:40:04.093 597-597/com.android.systemui I/KeyButtonView: Back button event: ACTION_UP
2022-03-03 10:40:04.096 5191-5191/com.android.documentsui E/oid.documentsu: No package ID ff found for ID 0xffffffff.
2022-03-03 10:40:04.096 450-519/? W/InputDispatcher: Waiting because no window has focus but ActivityRecord{28f4f95 u0 com.android.documentsui/.picker.PickActivity t57} may eventually add a window when it finishes starting up. Will wait for 5000ms
2022-03-03 10:40:04.096 450-519/? W/InputDispatcher: Still no focused window. Will drop the event in 4999ms
2022-03-03 10:40:03.912 4964-4964/? I/chatty: uid=10105(com.android.gallery3d) identical 4 lines
2022-03-03 10:40:03.912 4964-4964/? W/ViewRootImpl[GalleryActivity]: Cancelling event due to no window focus: KeyEvent { action=ACTION_UP, keyCode=KEYCODE_BACK, scanCode=0, metaState=0, flags=0x68, repeatCount=0, eventTime=3323975, downTime=3323914, deviceId=-1, source=0x101, displayId=0 }
2022-03-03 10:40:04.099 450-468/? D/AutofillManagerService: onBackKeyPressed()
2022-03-03 10:40:04.099 450-468/? D/AutofillManagerServiceImpl: Reset component for user 0:
2022-03-03 10:40:04.100 450-468/? D/AutofillUI: destroySaveUiUiThread(): already destroyed
2022-03-03 10:40:04.096 450-519/? W/InputDispatcher: Still no focused window. Will drop the event in 4999ms
2022-03-03 10:40:04.108 450-519/? W/InputDispatcher: Still no focused window. Will drop the event in 4987ms
2022-03-03 10:40:04.108 450-519/? W/InputDispatcher: Still no focused window. Will drop the event in 4987ms
2022-03-03 10:40:04.108 450-519/? D/InputDispatcher: Waiting to send key to Window{3203fe4 u0 com.android.documentsui/com.android.documentsui.picker.PickActivity} because there are unprocessed events that may cause focus to change
2022-03-03 10:40:04.187 396-409/? E/RIL RILU: cannot find ttyname for AT Port
2022-03-03 10:40:04.188 396-409/? D/RIL RILC: USB can't find at device
2022-03-03 10:40:04.327 181-446/? E/BufferQueueProducer: [com.android.gallery3d/com.android.gallery3d.app.GalleryActivity#0](id:b50000001c,api:0,p:-1,c:181) disconnect: not connected (req=1)
2022-03-03 10:40:04.327 4964-6345/? W/libEGL: EGLNativeWindowType 0x77a77b44c0 disconnect failed
2022-03-03 10:40:04.336 4964-4964/? V/StateManager: destroy
2022-03-03 10:40:04.338 450-476/? W/BroadcastQueue: Background execution not allowed: receiving Intent { act=widget_update flg=0x10 } to com.android.gallery3d/.gadget.PhotoAppWidgetProvider
2022-03-03 10:40:04.984 597-597/com.android.systemui I/vol.Events: writeEvent dismiss_dialog touch_outside
2022-03-03 10:40:04.986 597-995/com.android.systemui I/vol.Events: writeEvent active_stream_changed UNKNOWN_STREAM_-1
2022-03-03 10:40:04.989 827-827/? W/HidlServiceManagement: Waited one second for android.hardware.radio@1.1::IRadio/slot1
2022-03-03 10:40:04.989 156-156/? I/hwservicemanager: Since android.hardware.radio@1.1::IRadio/slot1 is not registered, trying to start it as a lazy HAL.
2022-03-03 10:40:04.989 827-827/? I/HidlServiceManagement: getService: Trying again for android.hardware.radio@1.1::IRadio/slot1...
2022-03-03 10:40:05.073 5191-5191/com.android.documentsui D/PickerActionHandler: onFinished() [content://com.android.externalstorage.documents/document/primary%3ADCIM%2FIMG_20220228_172325.jpg]
2022-03-03 10:40:05.078 223-227/? D/gralloc4: [File] : hardware/rockchip/libgralloc/bifrost/src/hidl_common/Allocator.cpp; [Line] : 147; [Func] : allocate;
    got new private_handle_t instance @0xb400007e26f86010 for buffer 'screenshot'. share_fd : 8, share_attr_fd : 9, flags : 0x4, width : 800, height : 1280, req_format : 0x1, producer_usage : 0x333, consumer_usage : 0x333, internal_format : 0x0, stride : 800, byte_stride : 0, internalWidth : 0, internalHeight : 0, alloc_format : 0x1, size : 4096000, layer_count : 1, backing_store_size : 4096000, allocating_pid : 223, ref_count : 1, yuv_info : 0
2022-03-03 10:40:05.078 223-227/? D/gralloc4: plane_info[0]: offset : 0, byte_stride : 3200, alloc_width : 800, alloc_height : 1280
2022-03-03 10:40:05.078 223-227/? D/gralloc4: plane_info[1]: offset : 0, byte_stride : 0, alloc_width : 0, alloc_height : 0
2022-03-03 10:40:05.291 181-965/? E/BufferQueueProducer: [VolumeDialogImpl#0](id:b50000001e,api:0,p:-1,c:181) disconnect: not connected (req=1)
2022-03-03 10:40:05.292 597-1042/com.android.systemui W/libEGL: EGLNativeWindowType 0xb4000077a79d98e0 disconnect failed
2022-03-03 10:40:05.478 5102-5102/com.example.facedemo I/loadimg: path=/storage/emulated/0/DCIM/IMG_20220228_172325.jpg
2022-03-03 10:40:05.479 5102-5102/com.example.facedemo V/getScaledBitmap: 1==
2022-03-03 10:40:05.479 5102-5102/com.example.facedemo V/getScaledBitmap: path=/storage/emulated/0/DCIM/IMG_20220228_172325.jpg, 期望：vMinWidth=400
2022-03-03 10:40:05.482 5102-5102/com.example.facedemo V/getScaledBitmap: 原图大小：width:4224,height:5632,path=/storage/emulated/0/DCIM/IMG_20220228_172325.jpg
2022-03-03 10:40:05.889 5102-5102/com.example.facedemo V/getScaledBitmap: 处理后, size, width=400,height=534
2022-03-03 10:40:05.889 5102-5102/com.example.facedemo D/libSeetafaceSo: DetectFaces, 1 
2022-03-03 10:40:05.890 5102-5102/com.example.facedemo D/libSeetafaceSo: DetectFaces, 2
2022-03-03 10:40:05.890 5102-5102/com.example.facedemo D/libSeetafaceSo: DetectFaces, 4通道转3通道 ok
2022-03-03 10:40:05.892 5102-5102/com.example.facedemo D/libSeetafaceSo: DetectFaces, 灰度化ok
2022-03-03 10:40:05.990 827-827/? W/HidlServiceManagement: Waited one second for android.hardware.radio@1.1::IRadio/slot1
